 Generator

 Timestamp is 431f6b65 (Wed Sep 07 17:36:21 2005)

 Preferred load address is 00400000

 Start         Length     Name                   Class
 0001:00000000 0001ac5cH .text                   CODE
 0002:00000000 00000228H .idata$5                DATA
 0002:00000230 00003a0eH .rdata                  DATA
 0002:00003c40 00000039H .rdata$debug            DATA
 0002:00003c7c 00000004H .rtc$IAA                DATA
 0002:00003c80 00000008H .rtc$IMZ                DATA
 0002:00003c88 00000004H .rtc$IZZ                DATA
 0002:00003c8c 00000004H .rtc$TAA                DATA
 0002:00003c90 00000008H .rtc$TMZ                DATA
 0002:00003c98 00000004H .rtc$TZZ                DATA
 0002:00003c9c 0000003cH .idata$2                DATA
 0002:00003cd8 00000014H .idata$3                DATA
 0002:00003cec 00000228H .idata$4                DATA
 0002:00003f14 00000a92H .idata$6                DATA
 0002:000049a6 00000000H .edata                  DATA
 0003:00000000 00000004H .CRT$XCA                DATA
 0003:00000004 00000004H .CRT$XCAA               DATA
 0003:00000008 00000004H .CRT$XCZ                DATA
 0003:0000000c 00000004H .CRT$XIA                DATA
 0003:00000010 0000000cH .CRT$XIC                DATA
 0003:0000001c 00000004H .CRT$XIZ                DATA
 0003:00000020 00000004H .CRT$XPA                DATA
 0003:00000024 00000004H .CRT$XPX                DATA
 0003:00000028 00000004H .CRT$XPZ                DATA
 0003:0000002c 00000004H .CRT$XTA                DATA
 0003:00000030 00000004H .CRT$XTZ                DATA
 0003:00000040 00000a8cH .data                   DATA
 0003:00000ae0 00001704H .bss                    DATA

  Address         Publics by Value              Rva+Base     Lib:Object

 0000:00000000       __except_list              00000000     <absolute>
 0000:00000000       ___safe_se_handler_count   00000000     <absolute>
 0000:00000000       ___safe_se_handler_table   00000000     <absolute>
 0001:00000000       _main                      00401000 f   ErdSetup.obj
 0001:00000390       ?dismissFunc@@YAPAU_estr_StringList@@PAU_Eeml_MenuData@@PAXJPAPADPAPAU_Eerr_ErrorReport@@@Z 00401390 f   Generator.obj
 0001:00000430       ?numberCells@@YAPAU_estr_StringList@@PAU_Eeml_MenuData@@PAXJPAPADPAPAU_Eerr_ErrorReport@@@Z 00401430 f   Generator.obj
 0001:000022f0       ?saveHeaderFlags@@YAPAU_estr_StringList@@PAU_Eeml_MenuData@@PAXJPAPADPAPAU_Eerr_ErrorReport@@@Z 004032f0 f   Generator.obj
 0001:000024c0       ?formatData@@YAPAU_estr_StringList@@PAU_Eeml_MenuData@@PAXJPAPADPAPAU_Eerr_ErrorReport@@@Z 004034c0 f   Generator.obj
 0001:000042c0       ?runAgnps@@YAPAU_estr_StringList@@PAU_Eeml_MenuData@@PAXJPAPADPAPAU_Eerr_ErrorReport@@@Z 004052c0 f   Generator.obj
 0001:000043e0       ?runFlood@@YAPAU_estr_StringList@@PAU_Eeml_MenuData@@PAXJPAPADPAPAU_Eerr_ErrorReport@@@Z 004053e0 f   Generator.obj
 0001:00004500       ?runD8@@YAPAU_estr_StringList@@PAU_Eeml_MenuData@@PAXJPAPADPAPAU_Eerr_ErrorReport@@@Z 00405500 f   Generator.obj
 0001:00004610       ?runGridnet@@YAPAU_estr_StringList@@PAU_Eeml_MenuData@@PAXJPAPADPAPAU_Eerr_ErrorReport@@@Z 00405610 f   Generator.obj
 0001:00004720       ?imageCreation@@YAPAU_estr_StringList@@PAU_Eeml_MenuData@@PAXJPAPADPAPAU_Eerr_ErrorReport@@@Z 00405720 f   Generator.obj
 0001:000070b0       ?imageToAscii@@YAPAU_estr_StringList@@PAU_Eeml_MenuData@@PAXJPAPADPAPAU_Eerr_ErrorReport@@@Z 004080b0 f   Generator.obj
 0001:00007ab0       ?asciiToImage@@YAPAU_estr_StringList@@PAU_Eeml_MenuData@@PAXJPAPADPAPAU_Eerr_ErrorReport@@@Z 00408ab0 f   Generator.obj
 0001:00008a00       ?deleteFiles@@YAPAU_estr_StringList@@PAU_Eeml_MenuData@@PAXJPAPADPAPAU_Eerr_ErrorReport@@@Z 00409a00 f   Generator.obj
 0001:00008b50       ?moveData@@YAXPADPBEH_N@Z  00409b50 f   Generator.obj
 0001:00008bb0       ?moveData@@YAXPAEPBDH_N@Z  00409bb0 f   Generator.obj
 0001:00008c0c       _eeml_FreeCommand          00409c0c f   emllib:emllib.dll
 0001:00008c12       _eeml_GetNextCommand       00409c12 f   emllib:emllib.dll
 0001:00008c18       _eeml_PartFind             00409c18 f   emllib:emllib.dll
 0001:00008c1e       _eeml_ParseVa              00409c1e f   emllib:emllib.dll
 0001:00008c24       _eeml_Init                 00409c24 f   emllib:emllib.dll
 0001:00008c2a       _eint_GetInit              00409c2a f   elib:elib.dll
 0001:00008c30       _emsc_HeapMalloc           00409c30 f   elib:elib.dll
 0001:00008c36       _eerr_DeleteErrorReportEx  00409c36 f   elib:elib.dll
 0001:00008c3c       _eerr_PrintErrorReport     00409c3c f   elib:elib.dll
 0001:00008c42       _eerr_CreateErrorReport    00409c42 f   elib:elib.dll
 0001:00008c48       _eint_InitToolkit          00409c48 f   elib:elib.dll
 0001:00008c4e       _emsc_HeapFree             00409c4e f   elib:elib.dll
 0001:00008c54       _eprj_ProParametersFree    00409c54 f   elib:elib.dll
 0001:00008c5a       _eprj_MapInfoFree          00409c5a f   elib:elib.dll
 0001:00008c60       _eimg_LayerClose           00409c60 f   elib:elib.dll
 0001:00008c66       _eimg_PixelRectDelete      00409c66 f   elib:elib.dll
 0001:00008c6c       _estr_StringListDelete     00409c6c f   elib:elib.dll
 0001:00008c72       _emet_MeterInfoDelete      00409c72 f   elib:elib.dll
 0001:00008c78       _eimg_ProParametersWrite   00409c78 f   elib:elib.dll
 0001:00008c7e       _eimg_MapInfoWrite         00409c7e f   elib:elib.dll
 0001:00008c84       _eimg_LayerWrite           00409c84 f   elib:elib.dll
 0001:00008c8a       _emet_MeterInfoChangeTaskName 00409c8a f   elib:elib.dll
 0001:00008c90       _eimg_LayerCreate          00409c90 f   elib:elib.dll
 0001:00008c96       _estr_StringListAppend     00409c96 f   elib:elib.dll
 0001:00008c9c       _eimg_ProParametersRead    00409c9c f   elib:elib.dll
 0001:00008ca2       _eprj_ProParametersCreate  00409ca2 f   elib:elib.dll
 0001:00008ca8       _eimg_MapInfoRead          00409ca8 f   elib:elib.dll
 0001:00008cae       _eprj_MapInfoCreate        00409cae f   elib:elib.dll
 0001:00008cb4       _eimg_LayerRead            00409cb4 f   elib:elib.dll
 0001:00008cba       _eimg_PixelRectCreate      00409cba f   elib:elib.dll
 0001:00008cc0       _eimg_LayerNameCreate      00409cc0 f   elib:elib.dll
 0001:00008cc6       _estr_GetNamePart          00409cc6 f   elib:elib.dll
 0001:00008ccc       _estr_GetPathPart          00409ccc f   elib:elib.dll
 0001:00008cd2       _eimg_LayerOpen            00409cd2 f   elib:elib.dll
 0001:00008cd8       _eimg_LayerGetNames        00409cd8 f   elib:elib.dll
 0001:00008cde       _emet_MeterInfoPrint       00409cde f   elib:elib.dll
 0001:00008ce4       _emet_MeterInfoSet         00409ce4 f   elib:elib.dll
 0001:00008cea       _emet_MeterInfoCreate      00409cea f   elib:elib.dll
 0001:00008cf0       _esta_StatisticsDelete     00409cf0 f   elib:elib.dll
 0001:00008cf6       _eimg_PixelRectStackDelete 00409cf6 f   elib:elib.dll
 0001:00008cfc       _eimg_LayerStackClose      00409cfc f   elib:elib.dll
 0001:00008d02       _efio_Close                00409d02 f   elib:elib.dll
 0001:00008d08       _eimg_LayerStackRead       00409d08 f   elib:elib.dll
 0001:00008d0e       _efio_Fprintf              00409d0e f   elib:elib.dll
 0001:00008d14       _efio_Open                 00409d14 f   elib:elib.dll
 0001:00008d1a       _eimg_StatisticsRead       00409d1a f   elib:elib.dll
 0001:00008d20       _esta_StatisticsCreate     00409d20 f   elib:elib.dll
 0001:00008d26       _eimg_PixelRectStackCreate 00409d26 f   elib:elib.dll
 0001:00008d2c       _eimg_LayerStackOpen       00409d2c f   elib:elib.dll
 0001:00008d32       _estr_LongToStringList     00409d32 f   elib:elib.dll
 0001:00008d38       _eimg_LayerStackWrite      00409d38 f   elib:elib.dll
 0001:00008d3e       _efio_Fscanf               00409d3e f   elib:elib.dll
 0001:00008d44       _efio_Fgets                00409d44 f   elib:elib.dll
 0001:00008d4a       _eimg_LayerNameStackDelete 00409d4a f   elib:elib.dll
 0001:00008d50       _eimg_LayerStackCreate     00409d50 f   elib:elib.dll
 0001:00008d56       _estr_Sprintf              00409d56 f   elib:elib.dll
 0001:00008d5c       _eimg_LayerNameStackCreate 00409d5c f   elib:elib.dll
 0001:00008d62       _efio_Flush                00409d62 f   elib:elib.dll
 0001:00008d68       _esmg_ProcessExit          00409d68 f   elib:elib.dll
 0001:00008d6e       _efio_Sprintf              00409d6e f   elib:elib.dll
 0001:00008d74       _efio_Frename              00409d74 f   elib:elib.dll
 0001:00008d80       __RTC_CheckEsp             00409d80 f   LIBCD:stack.obj
 0001:00008db0       @_RTC_CheckStackVars@8     00409db0 f   LIBCD:stack.obj
 0001:00008e20       __RTC_InitBase             00409e20 f   LIBCD:init.obj
 0001:00008e50       __RTC_Shutdown             00409e50 f   LIBCD:init.obj
 0001:00008e70       ___iob_func                00409e70 f   LIBCD:_file.obj
 0001:00008e80       ___initstdio               00409e80 f   LIBCD:_file.obj
 0001:00008fb0       ___endstdio                00409fb0 f   LIBCD:_file.obj
 0001:00008fd0       __fpmath                   00409fd0 f   LIBCD:fpinit.obj
 0001:00009000       __fpclear                  0040a000 f   LIBCD:fpinit.obj
 0001:00009010       __cfltcvt_init             0040a010 f   LIBCD:fpinit.obj
 0001:00009060       ___setfflag                0040a060 f   LIBCD:fpinit.obj
 0001:00009080       @__security_check_cookie@4 0040a080 f   LIBCD:secchk.obj
 0001:00009100       ?_RTC_Failure@@YAXPAXH@Z   0040a100 f   LIBCD:error.obj
 0001:00009360       ?_RTC_MemFailure@@YAXPAXHPBX@Z 0040a360 f   LIBCD:error.obj
 0001:000095b0       ?_RTC_StackFailure@@YAXPAXPBD@Z 0040a5b0 f   LIBCD:error.obj
 0001:00009670       __RTC_UninitUse            0040a670 f   LIBCD:error.obj
 0001:00009830       _atof                      0040a830 f   LIBCD:atof.obj
 0001:000098a0       _strncpy                   0040a8a0 f   LIBCD:strncpy.obj
 0001:000099d0       _atol                      0040a9d0 f   LIBCD:atox.obj
 0001:00009a90       _atoi                      0040aa90 f   LIBCD:atox.obj
 0001:00009ab0       __atoi64                   0040aab0 f   LIBCD:atox.obj
 0001:00009b9c       __ftol2                    0040ab9c f   LIBCD:ftol2.obj
 0001:00009c20       __spawnv                   0040ac20 f   LIBCD:spawnv.obj
 0001:00009d00       __chdir                    0040ad00 f   LIBCD:chdir.obj
 0001:00009f00       _strcpy                    0040af00 f   LIBCD:strcat.obj
 0001:00009f10       _strcat                    0040af10 f   LIBCD:strcat.obj
 0001:0000a000       _strlen                    0040b000 f   LIBCD:strlen.obj
 0001:0000a090       _remove                    0040b090 f   LIBCD:unlink.obj
 0001:0000a0e0       __unlink                   0040b0e0 f   LIBCD:unlink.obj
 0001:0000a100       __chkstk                   0040b100 f   LIBCD:chkstk.obj
 0001:0000a100       __alloca_probe             0040b100     LIBCD:chkstk.obj
 0001:0000a140       __cinit                    0040b140 f   LIBCD:crt0dat.obj
 0001:0000a1a0       _exit                      0040b1a0 f   LIBCD:crt0dat.obj
 0001:0000a1c0       __exit                     0040b1c0 f   LIBCD:crt0dat.obj
 0001:0000a1e0       __cexit                    0040b1e0 f   LIBCD:crt0dat.obj
 0001:0000a200       __c_exit                   0040b200 f   LIBCD:crt0dat.obj
 0001:0000a300       ___crtExitProcess          0040b300 f   LIBCD:crt0dat.obj
 0001:0000a3c0       _WinMainCRTStartup         0040b3c0 f   LIBCD:wincrt0.obj
 0001:0000a5d0       __amsg_exit                0040b5d0 f   LIBCD:wincrt0.obj
 0001:0000a6f0       __RTC_NumErrors            0040b6f0 f   LIBCD:userapi.obj
 0001:0000a700       __RTC_GetErrDesc           0040b700 f   LIBCD:userapi.obj
 0001:0000a720       __RTC_SetErrorType         0040b720 f   LIBCD:userapi.obj
 0001:0000a750       __RTC_SetErrorFunc         0040b750 f   LIBCD:userapi.obj
 0001:0000a770       ?_RTC_GetErrorFunc@@YAP6AHHPBDH00ZZPBX@Z 0040b770 f   LIBCD:userapi.obj
 0001:0000a780       __chkesp                   0040b780 f   LIBCD:chkesp.obj
 0001:0000a7c0       __CRT_RTC_INIT             0040b7c0 f   LIBCD:chkesp.obj
 0001:0000a7d0       __ioinit                   0040b7d0 f   LIBCD:ioinit.obj
 0001:0000aae0       __ioterm                   0040bae0 f   LIBCD:ioinit.obj
 0001:0000ab40       _malloc                    0040bb40 f   LIBCD:dbgheap.obj
 0001:0000ab70       __malloc_dbg               0040bb70 f   LIBCD:dbgheap.obj
 0001:0000aba0       __nh_malloc                0040bba0 f   LIBCD:dbgheap.obj
 0001:0000abc0       __nh_malloc_dbg            0040bbc0 f   LIBCD:dbgheap.obj
 0001:0000ac10       __heap_alloc               0040bc10 f   LIBCD:dbgheap.obj
 0001:0000ac30       __heap_alloc_dbg           0040bc30 f   LIBCD:dbgheap.obj
 0001:0000af50       _calloc                    0040bf50 f   LIBCD:dbgheap.obj
 0001:0000af80       __calloc_dbg               0040bf80 f   LIBCD:dbgheap.obj
 0001:0000afe0       _realloc                   0040bfe0 f   LIBCD:dbgheap.obj
 0001:0000b010       __realloc_dbg              0040c010 f   LIBCD:dbgheap.obj
 0001:0000b550       __expand                   0040c550 f   LIBCD:dbgheap.obj
 0001:0000b580       __expand_dbg               0040c580 f   LIBCD:dbgheap.obj
 0001:0000b5b0       _free                      0040c5b0 f   LIBCD:dbgheap.obj
 0001:0000b5d0       __free_dbg                 0040c5d0 f   LIBCD:dbgheap.obj
 0001:0000b9e0       __msize                    0040c9e0 f   LIBCD:dbgheap.obj
 0001:0000ba00       __msize_dbg                0040ca00 f   LIBCD:dbgheap.obj
 0001:0000bb20       __CrtSetBreakAlloc         0040cb20 f   LIBCD:dbgheap.obj
 0001:0000bb40       __CrtSetDbgBlockType       0040cb40 f   LIBCD:dbgheap.obj
 0001:0000bbc0       __CrtSetAllocHook          0040cbc0 f   LIBCD:dbgheap.obj
 0001:0000bc30       __CrtCheckMemory           0040cc30 f   LIBCD:dbgheap.obj
 0001:0000bf50       __CrtSetDbgFlag            0040cf50 f   LIBCD:dbgheap.obj
 0001:0000bfb0       __CrtDoForAllClientObjects 0040cfb0 f   LIBCD:dbgheap.obj
 0001:0000c010       __CrtIsValidPointer        0040d010 f   LIBCD:dbgheap.obj
 0001:0000c060       __CrtIsValidHeapPointer    0040d060 f   LIBCD:dbgheap.obj
 0001:0000c110       __CrtIsMemoryBlock         0040d110 f   LIBCD:dbgheap.obj
 0001:0000c1f0       __CrtReportBlockType       0040d1f0 f   LIBCD:dbgheap.obj
 0001:0000c220       __CrtSetDumpClient         0040d220 f   LIBCD:dbgheap.obj
 0001:0000c240       __CrtMemCheckpoint         0040d240 f   LIBCD:dbgheap.obj
 0001:0000c390       __CrtMemDifference         0040d390 f   LIBCD:dbgheap.obj
 0001:0000c4b0       __CrtMemDumpAllObjectsSince 0040d4b0 f   LIBCD:dbgheap.obj
 0001:0000c830       __CrtDumpMemoryLeaks       0040d830 f   LIBCD:dbgheap.obj
 0001:0000c8a0       __CrtMemDumpStatistics     0040d8a0 f   LIBCD:dbgheap.obj
 0001:0000c950       __aligned_malloc           0040d950 f   LIBCD:dbgheap.obj
 0001:0000c970       __aligned_malloc_dbg       0040d970 f   LIBCD:dbgheap.obj
 0001:0000c990       __aligned_realloc          0040d990 f   LIBCD:dbgheap.obj
 0001:0000c9b0       __aligned_realloc_dbg      0040d9b0 f   LIBCD:dbgheap.obj
 0001:0000c9e0       __aligned_offset_malloc    0040d9e0 f   LIBCD:dbgheap.obj
 0001:0000ca00       __aligned_offset_malloc_dbg 0040da00 f   LIBCD:dbgheap.obj
 0001:0000cb40       __aligned_offset_realloc   0040db40 f   LIBCD:dbgheap.obj
 0001:0000cb70       __aligned_offset_realloc_dbg 0040db70 f   LIBCD:dbgheap.obj
 0001:0000cdd0       __aligned_free             0040ddd0 f   LIBCD:dbgheap.obj
 0001:0000cdf0       __aligned_free_dbg         0040ddf0 f   LIBCD:dbgheap.obj
 0001:0000cea0       __fcloseall                0040dea0 f   LIBCD:closeall.obj
 0001:0000cf50       _fflush                    0040df50 f   LIBCD:fflush.obj
 0001:0000cfb0       __flush                    0040dfb0 f   LIBCD:fflush.obj
 0001:0000d070       __flushall                 0040e070 f   LIBCD:fflush.obj
 0001:0000d160       __setdefaultprecision      0040e160 f   LIBCD:fp8.obj
 0001:0000d180       __ms_p5_test_fdiv          0040e180 f   LIBCD:testfdiv.obj
 0001:0000d1d0       __ms_p5_mp_test_fdiv       0040e1d0 f   LIBCD:testfdiv.obj
 0001:0000d220       __forcdecpt                0040e220 f   LIBCD:cvt.obj
 0001:0000d2d0       __cropzeros                0040e2d0 f   LIBCD:cvt.obj
 0001:0000d3b0       __positive                 0040e3b0 f   LIBCD:cvt.obj
 0001:0000d3e0       __fassign                  0040e3e0 f   LIBCD:cvt.obj
 0001:0000d430       __cftoe                    0040e430 f   LIBCD:cvt.obj
 0001:0000d600       __cftof                    0040e600 f   LIBCD:cvt.obj
 0001:0000d790       __cftog                    0040e790 f   LIBCD:cvt.obj
 0001:0000d900       __cfltcvt                  0040e900 f   LIBCD:cvt.obj
 0001:0000d990       ___security_init_cookie    0040e990 f   LIBCD:seccinit.obj
 0001:0000da30       ___security_error_handler  0040ea30 f   LIBCD:secfail.obj
 0001:0000dc60       __set_security_error_handler 0040ec60 f   LIBCD:secfail.obj
 0001:0000dc80       ___buffer_overrun          0040ec80 f   LIBCD:secfail.obj
 0001:0000dca0       ___set_buffer_overrun_handler 0040eca0 f   LIBCD:secfail.obj
 0001:0000dcb4       __global_unwind2           0040ecb4 f   LIBCD:exsup.obj
 0001:0000dcf6       __local_unwind2            0040ecf6 f   LIBCD:exsup.obj
 0001:0000dd4e       __NLG_Return2              0040ed4e     LIBCD:exsup.obj
 0001:0000dd5e       __abnormal_termination     0040ed5e f   LIBCD:exsup.obj
 0001:0000dd81       __NLG_Notify1              0040ed81 f   LIBCD:exsup.obj
 0001:0000dd8a       __NLG_Notify               0040ed8a f   LIBCD:exsup.obj
 0001:0000dd9d       __NLG_Dispatch             0040ed9d     LIBCD:exsup.obj
 0001:0000ddac       __except_handler3          0040edac f   LIBCD:exsup3.obj
 0001:0000de92       __seh_longjmp_unwind@4     0040ee92 f   LIBCD:exsup3.obj
 0001:0000deb0       ?_RTC_GetSrcLine@@YAHKPADHPAHPAPAD@Z 0040eeb0 f   LIBCD:pdblkup.obj
 0001:0000e750       __fltin                    0040f750 f   LIBCD:cfin.obj
 0001:0000e830       __chvalidator              0040f830 f   LIBCD:isctype.obj
 0001:0000e870       __isctype                  0040f870 f   LIBCD:isctype.obj
 0001:0000e930       __ismbcspace               0040f930 f   LIBCD:ismbspc.obj
 0001:0000ea00       __allmul                   0040fa00 f   LIBCD:llmul.obj
 0001:0000ea40       __spawnve                  0040fa40 f   LIBCD:spawnve.obj
 0001:0000ecb0       __CrtDbgBreak              0040fcb0 f   LIBCD:dbgrpt.obj
 0001:0000ecc0       __CrtSetReportMode         0040fcc0 f   LIBCD:dbgrpt.obj
 0001:0000ed20       __CrtSetReportFile         0040fd20 f   LIBCD:dbgrpt.obj
 0001:0000eda0       __CrtSetReportHook         0040fda0 f   LIBCD:dbgrpt.obj
 0001:0000edc0       __CrtSetReportHook2        0040fdc0 f   LIBCD:dbgrpt.obj
 0001:0000efa0       __CrtDbgReport             0040ffa0 f   LIBCD:dbgrpt.obj
 0001:0000f690       __dosmaperr                00410690 f   LIBCD:dosmap.obj
 0001:0000f720       __mbctoupper               00410720 f   LIBCD:mbtoupr.obj
 0001:0000f7e0       __resetstkoflw             004107e0 f   LIBCD:resetstk.obj
 0001:0000f930       __onexit                   00410930 f   LIBCD:onexit.obj
 0001:0000fa20       _atexit                    00410a20 f   LIBCD:onexit.obj
 0001:0000fa40       ___onexitinit              00410a40 f   LIBCD:onexit.obj
 0001:0000fa90       __RTC_Initialize           00410a90 f   LIBCD:initsect.obj
 0001:0000fb10       __RTC_Terminate            00410b10 f   LIBCD:initsect.obj
 0001:0000fb90       ___CppXcptFilter           00410b90 f   LIBCD:winxfltr.obj
 0001:0000fbc0       __XcptFilter               00410bc0 f   LIBCD:winxfltr.obj
 0001:0000fdd0       __wincmdln                 00410dd0 f   LIBCD:wincmdln.obj
 0001:0000fea0       __setenvp                  00410ea0 f   LIBCD:stdenvp.obj
 0001:00010020       __setargv                  00411020 f   LIBCD:stdargv.obj
 0001:00010480       ___crtGetEnvironmentStringsA 00411480 f   LIBCD:a_env.obj
 0001:000106a0       ___heap_select             004116a0 f   LIBCD:heapinit.obj
 0001:000106d0       __heap_init                004116d0 f   LIBCD:heapinit.obj
 0001:00010740       __heap_term                00411740 f   LIBCD:heapinit.obj
 0001:000107f0       __get_heap_handle          004117f0 f   LIBCD:heapinit.obj
 0001:00010800       __FF_MSGBANNER             00411800 f   LIBCD:crt0msg.obj
 0001:00010850       __NMSG_WRITE               00411850 f   LIBCD:crt0msg.obj
 0001:00010a60       __GET_RTERRMSG             00411a60 f   LIBCD:crt0msg.obj
 0001:00010ab0       ?_set_new_handler@@YAP6AHI@ZP6AHI@Z@Z 00411ab0 f   LIBCD:handler.obj
 0001:00010ad0       ?_query_new_handler@@YAP6AHI@ZXZ 00411ad0 f   LIBCD:handler.obj
 0001:00010ae0       __callnewh                 00411ae0 f   LIBCD:handler.obj
 0001:00010b10       _memset                    00411b10 f   LIBCD:memset.obj
 0001:00010b70       __malloc_base              00411b70 f   LIBCD:malloc.obj
 0001:00010b90       __nh_malloc_base           00411b90 f   LIBCD:malloc.obj
 0001:00010bf0       __heap_alloc_base          00411bf0 f   LIBCD:malloc.obj
 0001:00010c60       __CrtDefaultAllocHook      00411c60 f   LIBCD:dbghook.obj
 0001:00010c70       __expand_base              00411c70 f   LIBCD:expand.obj
 0001:00010d40       __realloc_base             00411d40 f   LIBCD:realloc.obj
 0001:00010fa0       __free_base                00411fa0 f   LIBCD:free.obj
 0001:00011010       __heapchk                  00412010 f   LIBCD:heapchk.obj
 0001:00011080       __heapset                  00412080 f   LIBCD:heapchk.obj
 0001:00011090       __get_sbh_threshold        00412090 f   LIBCD:sbheap.obj
 0001:000110b0       __set_sbh_threshold        004120b0 f   LIBCD:sbheap.obj
 0001:00011120       ___sbh_heap_init           00412120 f   LIBCD:sbheap.obj
 0001:00011190       ___sbh_find_block          00412190 f   LIBCD:sbheap.obj
 0001:000111f0       ___sbh_verify_block        004121f0 f   LIBCD:sbheap.obj
 0001:00011250       ___sbh_free_block          00412250 f   LIBCD:sbheap.obj
 0001:00011810       ___sbh_alloc_block         00412810 f   LIBCD:sbheap.obj
 0001:00011d30       ___sbh_alloc_new_region    00412d30 f   LIBCD:sbheap.obj
 0001:00011e40       ___sbh_alloc_new_group     00412e40 f   LIBCD:sbheap.obj
 0001:00012030       ___sbh_resize_block        00413030 f   LIBCD:sbheap.obj
 0001:00012600       ___sbh_heapmin             00413600 f   LIBCD:sbheap.obj
 0001:00012730       ___sbh_heap_check          00413730 f   LIBCD:sbheap.obj
 0001:00012c40       _sprintf                   00413c40 f   LIBCD:sprintf.obj
 0001:00012d30       __scprintf                 00413d30 f   LIBCD:sprintf.obj
 0001:00012db0       _memcpy                    00413db0 f   LIBCD:memcpy.obj
 0001:000130f0       _fclose                    004140f0 f   LIBCD:fclose.obj
 0001:000131c0       __commit                   004141c0 f   LIBCD:commit.obj
 0001:00013250       __write                    00414250 f   LIBCD:write.obj
 0001:00013570       __statusfp                 00414570 f   LIBCD:ieee87.obj
 0001:00013590       __clearfp                  00414590 f   LIBCD:ieee87.obj
 0001:000135b0       __control87                004145b0 f   LIBCD:ieee87.obj
 0001:00013600       __controlfp                00414600 f   LIBCD:ieee87.obj
 0001:00013620       __fpreset                  00414620 f   LIBCD:ieee87.obj
 0001:000139b0       __tolower                  004149b0 f   LIBCD:tolower.obj
 0001:000139c0       _tolower                   004149c0 f   LIBCD:tolower.obj
 0001:00013af0       __ZeroTail                 00414af0 f   LIBCD:intrncvt.obj
 0001:00013b80       __IncMan                   00414b80 f   LIBCD:intrncvt.obj
 0001:00013c30       __RoundMan                 00414c30 f   LIBCD:intrncvt.obj
 0001:00013d10       __CopyMan                  00414d10 f   LIBCD:intrncvt.obj
 0001:00013d60       __FillZeroMan              00414d60 f   LIBCD:intrncvt.obj
 0001:00013d90       __IsZeroMan                00414d90 f   LIBCD:intrncvt.obj
 0001:00013dd0       __ShrMan                   00414dd0 f   LIBCD:intrncvt.obj
 0001:00013ec0       __ld12cvt                  00414ec0 f   LIBCD:intrncvt.obj
 0001:00014100       __ld12tod                  00415100 f   LIBCD:intrncvt.obj
 0001:00014120       __ld12tof                  00415120 f   LIBCD:intrncvt.obj
 0001:00014140       __ld12told                 00415140 f   LIBCD:intrncvt.obj
 0001:000141f0       __atodbl                   004151f0 f   LIBCD:intrncvt.obj
 0001:00014240       __atoldbl                  00415240 f   LIBCD:intrncvt.obj
 0001:00014290       __atoflt                   00415290 f   LIBCD:intrncvt.obj
 0001:000142e0       __fptostr                  004152e0 f   LIBCD:_fptostr.obj
 0001:000143e0       __fltout                   004153e0 f   LIBCD:cfout.obj
 0001:00014470       ___dtold                   00415470 f   LIBCD:cfout.obj
 0001:000145c0       _memmove                   004155c0 f   LIBCD:memmove.obj
 0001:00014900       __fptrap                   00415900 f   LIBCD:crt0fp.obj
 0001:00014910       ___crtMessageBoxA          00415910 f   LIBCD:crtmbox.obj
 0001:00014a80       __ValidateEH3RN            00415a80 f   LIBCD:eh3valid.obj
 0001:00014e70       ___strgtold12              00415e70 f   LIBCD:strgtold.obj
 0001:00015950       ___STRINGTOLD              00416950 f   LIBCD:strgtold.obj
 0001:000159b0       ___pwctype_func            004169b0 f   LIBCD:ctype.obj
 0001:000159c0       ___pctype_func             004169c0 f   LIBCD:ctype.obj
 0001:000159d0       ___crtGetStringTypeA       004169d0 f   LIBCD:a_str.obj
 0001:00015c70       __setmbcp                  00416c70 f   LIBCD:mbctype.obj
 0001:00016400       __getmbcp                  00417400 f   LIBCD:mbctype.obj
 0001:00016420       ___initmbctable            00417420 f   LIBCD:mbctype.obj
 0001:00016450       __access                   00417450 f   LIBCD:access.obj
 0001:000164b0       __mbschr                   004174b0 f   LIBCD:mbschr.obj
 0001:00016560       __mbsrchr                  00417560 f   LIBCD:mbsrchr.obj
 0001:00016610       __dospawn                  00417610 f   LIBCD:dospawn.obj
 0001:00016980       __cenvarg                  00417980 f   LIBCD:cenvarg.obj
 0001:00016d30       __itoa                     00417d30 f   LIBCD:xtoa.obj
 0001:00016e50       __ltoa                     00417e50 f   LIBCD:xtoa.obj
 0001:00016e90       __ultoa                    00417e90 f   LIBCD:xtoa.obj
 0001:00016eb0       __i64toa                   00417eb0 f   LIBCD:xtoa.obj
 0001:00017000       __ui64toa                  00418000 f   LIBCD:xtoa.obj
 0001:00017020       __snprintf                 00418020 f   LIBCD:snprintf.obj
 0001:00017110       __vsnprintf                00418110 f   LIBCD:vsnprint.obj
 0001:000171e0       _signal                    004181e0 f   LIBCD:winsig.obj
 0001:000173f0       _raise                     004183f0 f   LIBCD:winsig.obj
 0001:00017600       ___crtLCMapStringA         00418600 f   LIBCD:a_map.obj
 0001:00017bc0       __ismbbkalnum              00418bc0 f   LIBCD:ismbbyte.obj
 0001:00017be0       __ismbbkprint              00418be0 f   LIBCD:ismbbyte.obj
 0001:00017c00       __ismbbkpunct              00418c00 f   LIBCD:ismbbyte.obj
 0001:00017c20       __ismbbalnum               00418c20 f   LIBCD:ismbbyte.obj
 0001:00017c40       __ismbbalpha               00418c40 f   LIBCD:ismbbyte.obj
 0001:00017c60       __ismbbgraph               00418c60 f   LIBCD:ismbbyte.obj
 0001:00017c80       __ismbbprint               00418c80 f   LIBCD:ismbbyte.obj
 0001:00017ca0       __ismbbpunct               00418ca0 f   LIBCD:ismbbyte.obj
 0001:00017cc0       __ismbblead                00418cc0 f   LIBCD:ismbbyte.obj
 0001:00017ce0       __ismbbtrail               00418ce0 f   LIBCD:ismbbyte.obj
 0001:00017d00       __ismbbkana                00418d00 f   LIBCD:ismbbyte.obj
 0001:00017da0       __flsbuf                   00418da0 f   LIBCD:_flsbuf.obj
 0001:00018000       __output                   00419000 f   LIBCD:output.obj
 0001:00018f80       __close                    00419f80 f   LIBCD:close.obj
 0001:00019070       __freebuf                  0041a070 f   LIBCD:_freebuf.obj
 0001:00019100       __alloc_osfhnd             0041a100 f   LIBCD:osfinfo.obj
 0001:00019230       __set_osfhnd               0041a230 f   LIBCD:osfinfo.obj
 0001:000192e0       __free_osfhnd              0041a2e0 f   LIBCD:osfinfo.obj
 0001:000193b0       __get_osfhandle            0041a3b0 f   LIBCD:osfinfo.obj
 0001:00019410       __open_osfhandle           0041a410 f   LIBCD:osfinfo.obj
 0001:00019510       __lseeki64                 0041a510 f   LIBCD:lseeki64.obj
 0001:00019610       ___addl                    0041a610 f   LIBCD:mantold.obj
 0001:00019650       ___add_12                  0041a650 f   LIBCD:mantold.obj
 0001:00019700       ___shl_12                  0041a700 f   LIBCD:mantold.obj
 0001:00019760       ___shr_12                  0041a760 f   LIBCD:mantold.obj
 0001:000197d0       ___mtold12                 0041a7d0 f   LIBCD:mantold.obj
 0001:00019920       _$I10_OUTPUT               0041a920 f   LIBCD:x10fout.obj
 0001:00019e00       ___ld12mul                 0041ae00 f   LIBCD:tenpow.obj
 0001:0001a1f0       ___multtenpow12            0041b1f0 f   LIBCD:tenpow.obj
 0001:0001a2c0       ___ansicp                  0041b2c0 f   LIBCD:convrtcp.obj
 0001:0001a320       ___convertcp               0041b320 f   LIBCD:convrtcp.obj
 0001:0001a5d0       _strchr                    0041b5d0 f   LIBCD:strchr.obj
 0001:0001a5d6       ___from_strstr_to_strchr   0041b5d6     LIBCD:strchr.obj
 0001:0001a690       _strrchr                   0041b690 f   LIBCD:strrchr.obj
 0001:0001a6c0       __aulldiv                  0041b6c0 f   LIBCD:ulldiv.obj
 0001:0001a730       __aullrem                  0041b730 f   LIBCD:ullrem.obj
 0001:0001a7b0       __lseek                    0041b7b0 f   LIBCD:lseek.obj
 0001:0001a8a0       __getbuf                   0041b8a0 f   LIBCD:_getbuf.obj
 0001:0001a960       __isatty                   0041b960 f   LIBCD:isatty.obj
 0001:0001a990       _wctomb                    0041b990 f   LIBCD:wctomb.obj
 0001:0001aa30       _WinMain@16                0041ba30 f   ewinmainlib:ewin_main.obj
 0001:0001aaa0       _esmg_ProcessInit          0041baa0 f   elib:elib.dll
 0001:0001aaa6       _esmg_ComLineArgsGet       0041baa6 f   elib:elib.dll
 0001:0001aaac       _esmg_ApplicationInit      0041baac f   elib:elib.dll
 0001:0001aab2       _esmg_OSVersionCheck       0041bab2 f   elib:elib.dll
 0001:0001aab8       _ExitProcess@4             0041bab8 f   kernel32:KERNEL32.dll
 0001:0001aabe       _DebugBreak@0              0041babe f   kernel32:KERNEL32.dll
 0001:0001aac4       _RaiseException@16         0041bac4 f   kernel32:KERNEL32.dll
 0001:0001aaca       _GetVersionExA@4           0041baca f   kernel32:KERNEL32.dll
 0001:0001aad0       _GetProcAddress@8          0041bad0 f   kernel32:KERNEL32.dll
 0001:0001aad6       _LoadLibraryA@4            0041bad6 f   kernel32:KERNEL32.dll
 0001:0001aadc       _GetLastError@0            0041badc f   kernel32:KERNEL32.dll
 0001:0001aae2       _SetEnvironmentVariableA@8 0041bae2 f   kernel32:KERNEL32.dll
 0001:0001aae8       _GetCurrentDirectoryA@8    0041bae8 f   kernel32:KERNEL32.dll
 0001:0001aaee       _SetCurrentDirectoryA@4    0041baee f   kernel32:KERNEL32.dll
 0001:0001aaf4       _DeleteFileA@4             0041baf4 f   kernel32:KERNEL32.dll
 0001:0001aafa       _TerminateProcess@8        0041bafa f   kernel32:KERNEL32.dll
 0001:0001ab00       _GetCurrentProcess@0       0041bb00 f   kernel32:KERNEL32.dll
 0001:0001ab06       _GetModuleHandleA@4        0041bb06 f   kernel32:KERNEL32.dll
 0001:0001ab0c       _GetStartupInfoA@4         0041bb0c f   kernel32:KERNEL32.dll
 0001:0001ab12       _GetCommandLineA@0         0041bb12 f   kernel32:KERNEL32.dll
 0001:0001ab18       _SetHandleCount@4          0041bb18 f   kernel32:KERNEL32.dll
 0001:0001ab1e       _GetStdHandle@4            0041bb1e f   kernel32:KERNEL32.dll
 0001:0001ab24       _GetFileType@4             0041bb24 f   kernel32:KERNEL32.dll
 0001:0001ab2a       _IsBadWritePtr@8           0041bb2a f   kernel32:KERNEL32.dll
 0001:0001ab30       _IsBadReadPtr@8            0041bb30 f   kernel32:KERNEL32.dll
 0001:0001ab36       _HeapValidate@12           0041bb36 f   kernel32:KERNEL32.dll
 0001:0001ab3c       _QueryPerformanceCounter@4 0041bb3c f   kernel32:KERNEL32.dll
 0001:0001ab42       _GetTickCount@0            0041bb42 f   kernel32:KERNEL32.dll
 0001:0001ab48       _GetCurrentThreadId@0      0041bb48 f   kernel32:KERNEL32.dll
 0001:0001ab4e       _GetCurrentProcessId@0     0041bb4e f   kernel32:KERNEL32.dll
 0001:0001ab54       _GetSystemTimeAsFileTime@4 0041bb54 f   kernel32:KERNEL32.dll
 0001:0001ab5a       _GetModuleFileNameA@12     0041bb5a f   kernel32:KERNEL32.dll
 0001:0001ab60       _RtlUnwind@16              0041bb60 f   kernel32:KERNEL32.dll
 0001:0001ab66       _HeapFree@12               0041bb66 f   kernel32:KERNEL32.dll
 0001:0001ab6c       _HeapAlloc@12              0041bb6c f   kernel32:KERNEL32.dll
 0001:0001ab72       _GetProcessHeap@0          0041bb72 f   kernel32:KERNEL32.dll
 0001:0001ab78       _CloseHandle@4             0041bb78 f   kernel32:KERNEL32.dll
 0001:0001ab7e       _FreeLibrary@4             0041bb7e f   kernel32:KERNEL32.dll
 0001:0001ab84       _WriteFile@20              0041bb84 f   kernel32:KERNEL32.dll
 0001:0001ab8a       _InterlockedDecrement@4    0041bb8a f   kernel32:KERNEL32.dll
 0001:0001ab90       _OutputDebugStringA@4      0041bb90 f   kernel32:KERNEL32.dll
 0001:0001ab96       _InterlockedIncrement@4    0041bb96 f   kernel32:KERNEL32.dll
 0001:0001ab9c       _VirtualProtect@16         0041bb9c f   kernel32:KERNEL32.dll
 0001:0001aba2       _VirtualAlloc@16           0041bba2 f   kernel32:KERNEL32.dll
 0001:0001aba8       _GetSystemInfo@4           0041bba8 f   kernel32:KERNEL32.dll
 0001:0001abae       _VirtualQuery@12           0041bbae f   kernel32:KERNEL32.dll
 0001:0001abb4       _UnhandledExceptionFilter@4 0041bbb4 f   kernel32:KERNEL32.dll
 0001:0001abba       _FreeEnvironmentStringsA@4 0041bbba f   kernel32:KERNEL32.dll
 0001:0001abc0       _GetEnvironmentStrings@0   0041bbc0 f   kernel32:KERNEL32.dll
 0001:0001abc6       _FreeEnvironmentStringsW@4 0041bbc6 f   kernel32:KERNEL32.dll
 0001:0001abcc       _WideCharToMultiByte@32    0041bbcc f   kernel32:KERNEL32.dll
 0001:0001abd2       _GetEnvironmentStringsW@0  0041bbd2 f   kernel32:KERNEL32.dll
 0001:0001abd8       _HeapDestroy@4             0041bbd8 f   kernel32:KERNEL32.dll
 0001:0001abde       _HeapCreate@12             0041bbde f   kernel32:KERNEL32.dll
 0001:0001abe4       _VirtualFree@12            0041bbe4 f   kernel32:KERNEL32.dll
 0001:0001abea       _HeapReAlloc@16            0041bbea f   kernel32:KERNEL32.dll
 0001:0001abf0       _FlushFileBuffers@4        0041bbf0 f   kernel32:KERNEL32.dll
 0001:0001abf6       _InterlockedExchange@8     0041bbf6 f   kernel32:KERNEL32.dll
 0001:0001abfc       _MultiByteToWideChar@24    0041bbfc f   kernel32:KERNEL32.dll
 0001:0001ac02       _GetStringTypeA@20         0041bc02 f   kernel32:KERNEL32.dll
 0001:0001ac08       _GetStringTypeW@16         0041bc08 f   kernel32:KERNEL32.dll
 0001:0001ac0e       _GetCPInfo@8               0041bc0e f   kernel32:KERNEL32.dll
 0001:0001ac14       _GetACP@0                  0041bc14 f   kernel32:KERNEL32.dll
 0001:0001ac1a       _GetOEMCP@0                0041bc1a f   kernel32:KERNEL32.dll
 0001:0001ac20       _GetFileAttributesA@4      0041bc20 f   kernel32:KERNEL32.dll
 0001:0001ac26       _GetExitCodeProcess@8      0041bc26 f   kernel32:KERNEL32.dll
 0001:0001ac2c       _WaitForSingleObject@8     0041bc2c f   kernel32:KERNEL32.dll
 0001:0001ac32       _CreateProcessA@40         0041bc32 f   kernel32:KERNEL32.dll
 0001:0001ac38       _SetConsoleCtrlHandler@8   0041bc38 f   kernel32:KERNEL32.dll
 0001:0001ac3e       _LCMapStringA@24           0041bc3e f   kernel32:KERNEL32.dll
 0001:0001ac44       _LCMapStringW@24           0041bc44 f   kernel32:KERNEL32.dll
 0001:0001ac4a       _SetStdHandle@8            0041bc4a f   kernel32:KERNEL32.dll
 0001:0001ac50       _SetFilePointer@16         0041bc50 f   kernel32:KERNEL32.dll
 0001:0001ac56       _GetLocaleInfoA@16         0041bc56 f   kernel32:KERNEL32.dll
 0002:00000000       __imp__RaiseException@16   0041c000     kernel32:KERNEL32.dll
 0002:00000004       __imp__GetLocaleInfoA@16   0041c004     kernel32:KERNEL32.dll
 0002:00000008       __imp__SetFilePointer@16   0041c008     kernel32:KERNEL32.dll
 0002:0000000c       __imp__SetStdHandle@8      0041c00c     kernel32:KERNEL32.dll
 0002:00000010       __imp__LCMapStringW@24     0041c010     kernel32:KERNEL32.dll
 0002:00000014       __imp__LCMapStringA@24     0041c014     kernel32:KERNEL32.dll
 0002:00000018       __imp__SetConsoleCtrlHandler@8 0041c018     kernel32:KERNEL32.dll
 0002:0000001c       __imp__CreateProcessA@40   0041c01c     kernel32:KERNEL32.dll
 0002:00000020       __imp__WaitForSingleObject@8 0041c020     kernel32:KERNEL32.dll
 0002:00000024       __imp__GetExitCodeProcess@8 0041c024     kernel32:KERNEL32.dll
 0002:00000028       __imp__GetFileAttributesA@4 0041c028     kernel32:KERNEL32.dll
 0002:0000002c       __imp__GetOEMCP@0          0041c02c     kernel32:KERNEL32.dll
 0002:00000030       __imp__GetACP@0            0041c030     kernel32:KERNEL32.dll
 0002:00000034       __imp__GetCPInfo@8         0041c034     kernel32:KERNEL32.dll
 0002:00000038       __imp__GetStringTypeW@16   0041c038     kernel32:KERNEL32.dll
 0002:0000003c       __imp__GetStringTypeA@20   0041c03c     kernel32:KERNEL32.dll
 0002:00000040       __imp__MultiByteToWideChar@24 0041c040     kernel32:KERNEL32.dll
 0002:00000044       __imp__InterlockedExchange@8 0041c044     kernel32:KERNEL32.dll
 0002:00000048       __imp__FlushFileBuffers@4  0041c048     kernel32:KERNEL32.dll
 0002:0000004c       __imp__HeapReAlloc@16      0041c04c     kernel32:KERNEL32.dll
 0002:00000050       __imp__VirtualFree@12      0041c050     kernel32:KERNEL32.dll
 0002:00000054       __imp__HeapCreate@12       0041c054     kernel32:KERNEL32.dll
 0002:00000058       __imp__HeapDestroy@4       0041c058     kernel32:KERNEL32.dll
 0002:0000005c       __imp__GetEnvironmentStringsW@0 0041c05c     kernel32:KERNEL32.dll
 0002:00000060       __imp__WideCharToMultiByte@32 0041c060     kernel32:KERNEL32.dll
 0002:00000064       __imp__FreeEnvironmentStringsW@4 0041c064     kernel32:KERNEL32.dll
 0002:00000068       __imp__GetEnvironmentStrings@0 0041c068     kernel32:KERNEL32.dll
 0002:0000006c       __imp__FreeEnvironmentStringsA@4 0041c06c     kernel32:KERNEL32.dll
 0002:00000070       __imp__UnhandledExceptionFilter@4 0041c070     kernel32:KERNEL32.dll
 0002:00000074       __imp__VirtualQuery@12     0041c074     kernel32:KERNEL32.dll
 0002:00000078       __imp__GetSystemInfo@4     0041c078     kernel32:KERNEL32.dll
 0002:0000007c       __imp__VirtualAlloc@16     0041c07c     kernel32:KERNEL32.dll
 0002:00000080       __imp__VirtualProtect@16   0041c080     kernel32:KERNEL32.dll
 0002:00000084       __imp__InterlockedIncrement@4 0041c084     kernel32:KERNEL32.dll
 0002:00000088       __imp__OutputDebugStringA@4 0041c088     kernel32:KERNEL32.dll
 0002:0000008c       __imp__InterlockedDecrement@4 0041c08c     kernel32:KERNEL32.dll
 0002:00000090       __imp__WriteFile@20        0041c090     kernel32:KERNEL32.dll
 0002:00000094       __imp__FreeLibrary@4       0041c094     kernel32:KERNEL32.dll
 0002:00000098       __imp__CloseHandle@4       0041c098     kernel32:KERNEL32.dll
 0002:0000009c       __imp__GetProcessHeap@0    0041c09c     kernel32:KERNEL32.dll
 0002:000000a0       __imp__HeapAlloc@12        0041c0a0     kernel32:KERNEL32.dll
 0002:000000a4       __imp__HeapFree@12         0041c0a4     kernel32:KERNEL32.dll
 0002:000000a8       __imp__RtlUnwind@16        0041c0a8     kernel32:KERNEL32.dll
 0002:000000ac       __imp__GetModuleFileNameA@12 0041c0ac     kernel32:KERNEL32.dll
 0002:000000b0       __imp__GetSystemTimeAsFileTime@4 0041c0b0     kernel32:KERNEL32.dll
 0002:000000b4       __imp__GetCurrentProcessId@0 0041c0b4     kernel32:KERNEL32.dll
 0002:000000b8       __imp__GetCurrentThreadId@0 0041c0b8     kernel32:KERNEL32.dll
 0002:000000bc       __imp__GetTickCount@0      0041c0bc     kernel32:KERNEL32.dll
 0002:000000c0       __imp__QueryPerformanceCounter@4 0041c0c0     kernel32:KERNEL32.dll
 0002:000000c4       __imp__HeapValidate@12     0041c0c4     kernel32:KERNEL32.dll
 0002:000000c8       __imp__IsBadReadPtr@8      0041c0c8     kernel32:KERNEL32.dll
 0002:000000cc       __imp__IsBadWritePtr@8     0041c0cc     kernel32:KERNEL32.dll
 0002:000000d0       __imp__GetFileType@4       0041c0d0     kernel32:KERNEL32.dll
 0002:000000d4       __imp__GetStdHandle@4      0041c0d4     kernel32:KERNEL32.dll
 0002:000000d8       __imp__SetHandleCount@4    0041c0d8     kernel32:KERNEL32.dll
 0002:000000dc       __imp__GetCommandLineA@0   0041c0dc     kernel32:KERNEL32.dll
 0002:000000e0       __imp__GetStartupInfoA@4   0041c0e0     kernel32:KERNEL32.dll
 0002:000000e4       __imp__GetModuleHandleA@4  0041c0e4     kernel32:KERNEL32.dll
 0002:000000e8       __imp__GetCurrentProcess@0 0041c0e8     kernel32:KERNEL32.dll
 0002:000000ec       __imp__TerminateProcess@8  0041c0ec     kernel32:KERNEL32.dll
 0002:000000f0       __imp__DeleteFileA@4       0041c0f0     kernel32:KERNEL32.dll
 0002:000000f4       __imp__SetCurrentDirectoryA@4 0041c0f4     kernel32:KERNEL32.dll
 0002:000000f8       __imp__GetCurrentDirectoryA@8 0041c0f8     kernel32:KERNEL32.dll
 0002:000000fc       __imp__SetEnvironmentVariableA@8 0041c0fc     kernel32:KERNEL32.dll
 0002:00000100       __imp__GetLastError@0      0041c100     kernel32:KERNEL32.dll
 0002:00000104       __imp__LoadLibraryA@4      0041c104     kernel32:KERNEL32.dll
 0002:00000108       __imp__GetProcAddress@8    0041c108     kernel32:KERNEL32.dll
 0002:0000010c       __imp__ExitProcess@4       0041c10c     kernel32:KERNEL32.dll
 0002:00000110       __imp__DebugBreak@0        0041c110     kernel32:KERNEL32.dll
 0002:00000114       __imp__GetVersionExA@4     0041c114     kernel32:KERNEL32.dll
 0002:00000118       \177KERNEL32_NULL_THUNK_DATA 0041c118     kernel32:KERNEL32.dll
 0002:0000011c       __imp__esmg_OSVersionCheck 0041c11c     elib:elib.dll
 0002:00000120       __imp__esmg_ApplicationInit 0041c120     elib:elib.dll
 0002:00000124       __imp__esmg_ComLineArgsGet 0041c124     elib:elib.dll
 0002:00000128       __imp__esmg_ProcessInit    0041c128     elib:elib.dll
 0002:0000012c       __imp__efio_Frename        0041c12c     elib:elib.dll
 0002:00000130       __imp__efio_Sprintf        0041c130     elib:elib.dll
 0002:00000134       __imp__esmg_ProcessExit    0041c134     elib:elib.dll
 0002:00000138       __imp__efio_Flush          0041c138     elib:elib.dll
 0002:0000013c       __imp__eimg_LayerNameStackCreate 0041c13c     elib:elib.dll
 0002:00000140       __imp__estr_Sprintf        0041c140     elib:elib.dll
 0002:00000144       __imp__eimg_LayerStackCreate 0041c144     elib:elib.dll
 0002:00000148       __imp__eimg_LayerNameStackDelete 0041c148     elib:elib.dll
 0002:0000014c       __imp__efio_Fgets          0041c14c     elib:elib.dll
 0002:00000150       __imp__efio_Fscanf         0041c150     elib:elib.dll
 0002:00000154       __imp__eimg_LayerStackWrite 0041c154     elib:elib.dll
 0002:00000158       __imp__estr_LongToStringList 0041c158     elib:elib.dll
 0002:0000015c       __imp__eimg_LayerStackOpen 0041c15c     elib:elib.dll
 0002:00000160       __imp__eimg_PixelRectStackCreate 0041c160     elib:elib.dll
 0002:00000164       __imp__esta_StatisticsCreate 0041c164     elib:elib.dll
 0002:00000168       __imp__eimg_StatisticsRead 0041c168     elib:elib.dll
 0002:0000016c       __imp__efio_Open           0041c16c     elib:elib.dll
 0002:00000170       __imp__efio_Fprintf        0041c170     elib:elib.dll
 0002:00000174       __imp__eimg_LayerStackRead 0041c174     elib:elib.dll
 0002:00000178       __imp__efio_Close          0041c178     elib:elib.dll
 0002:0000017c       __imp__eimg_LayerStackClose 0041c17c     elib:elib.dll
 0002:00000180       __imp__eimg_PixelRectStackDelete 0041c180     elib:elib.dll
 0002:00000184       __imp__esta_StatisticsDelete 0041c184     elib:elib.dll
 0002:00000188       __imp__emet_MeterInfoCreate 0041c188     elib:elib.dll
 0002:0000018c       __imp__emet_MeterInfoSet   0041c18c     elib:elib.dll
 0002:00000190       __imp__emet_MeterInfoPrint 0041c190     elib:elib.dll
 0002:00000194       __imp__eimg_LayerGetNames  0041c194     elib:elib.dll
 0002:00000198       __imp__eimg_LayerOpen      0041c198     elib:elib.dll
 0002:0000019c       __imp__estr_GetPathPart    0041c19c     elib:elib.dll
 0002:000001a0       __imp__estr_GetNamePart    0041c1a0     elib:elib.dll
 0002:000001a4       __imp__eimg_LayerNameCreate 0041c1a4     elib:elib.dll
 0002:000001a8       __imp__eimg_PixelRectCreate 0041c1a8     elib:elib.dll
 0002:000001ac       __imp__eimg_LayerRead      0041c1ac     elib:elib.dll
 0002:000001b0       __imp__eprj_MapInfoCreate  0041c1b0     elib:elib.dll
 0002:000001b4       __imp__eimg_MapInfoRead    0041c1b4     elib:elib.dll
 0002:000001b8       __imp__eprj_ProParametersCreate 0041c1b8     elib:elib.dll
 0002:000001bc       __imp__eimg_ProParametersRead 0041c1bc     elib:elib.dll
 0002:000001c0       __imp__estr_StringListAppend 0041c1c0     elib:elib.dll
 0002:000001c4       __imp__eimg_LayerCreate    0041c1c4     elib:elib.dll
 0002:000001c8       __imp__emet_MeterInfoChangeTaskName 0041c1c8     elib:elib.dll
 0002:000001cc       __imp__eimg_LayerWrite     0041c1cc     elib:elib.dll
 0002:000001d0       __imp__eimg_MapInfoWrite   0041c1d0     elib:elib.dll
 0002:000001d4       __imp__eimg_ProParametersWrite 0041c1d4     elib:elib.dll
 0002:000001d8       __imp__emet_MeterInfoDelete 0041c1d8     elib:elib.dll
 0002:000001dc       __imp__estr_StringListDelete 0041c1dc     elib:elib.dll
 0002:000001e0       __imp__eimg_PixelRectDelete 0041c1e0     elib:elib.dll
 0002:000001e4       __imp__eimg_LayerClose     0041c1e4     elib:elib.dll
 0002:000001e8       __imp__eprj_MapInfoFree    0041c1e8     elib:elib.dll
 0002:000001ec       __imp__eprj_ProParametersFree 0041c1ec     elib:elib.dll
 0002:000001f0       __imp__emsc_HeapFree       0041c1f0     elib:elib.dll
 0002:000001f4       __imp__eint_InitToolkit    0041c1f4     elib:elib.dll
 0002:000001f8       __imp__eerr_CreateErrorReport 0041c1f8     elib:elib.dll
 0002:000001fc       __imp__eerr_PrintErrorReport 0041c1fc     elib:elib.dll
 0002:00000200       __imp__eerr_DeleteErrorReportEx 0041c200     elib:elib.dll
 0002:00000204       __imp__emsc_HeapMalloc     0041c204     elib:elib.dll
 0002:00000208       __imp__eint_GetInit        0041c208     elib:elib.dll
 0002:0000020c       \177elib_NULL_THUNK_DATA   0041c20c     elib:elib.dll
 0002:00000210       __imp__eeml_Init           0041c210     emllib:emllib.dll
 0002:00000214       __imp__eeml_ParseVa        0041c214     emllib:emllib.dll
 0002:00000218       __imp__eeml_PartFind       0041c218     emllib:emllib.dll
 0002:0000021c       __imp__eeml_GetNextCommand 0041c21c     emllib:emllib.dll
 0002:00000220       __imp__eeml_FreeCommand    0041c220     emllib:emllib.dll
 0002:00000224       \177emllib_NULL_THUNK_DATA 0041c224     emllib:emllib.dll
 0002:000003b0       ?end@?$_Iosb@H@std@@2W4_Seekdir@12@B 0041c3b0     ErdSetup.obj
 0002:000003b4       ?cur@?$_Iosb@H@std@@2W4_Seekdir@12@B 0041c3b4     ErdSetup.obj
 0002:000003b8       ?beg@?$_Iosb@H@std@@2W4_Seekdir@12@B 0041c3b8     ErdSetup.obj
 0002:000003bc       ?binary@?$_Iosb@H@std@@2W4_Openmode@12@B 0041c3bc     ErdSetup.obj
 0002:000003c0       ?_Noreplace@?$_Iosb@H@std@@2W4_Openmode@12@B 0041c3c0     ErdSetup.obj
 0002:000003c4       ?_Nocreate@?$_Iosb@H@std@@2W4_Openmode@12@B 0041c3c4     ErdSetup.obj
 0002:000003c8       ?trunc@?$_Iosb@H@std@@2W4_Openmode@12@B 0041c3c8     ErdSetup.obj
 0002:000003cc       ?app@?$_Iosb@H@std@@2W4_Openmode@12@B 0041c3cc     ErdSetup.obj
 0002:000003d0       ?ate@?$_Iosb@H@std@@2W4_Openmode@12@B 0041c3d0     ErdSetup.obj
 0002:000003d4       ?out@?$_Iosb@H@std@@2W4_Openmode@12@B 0041c3d4     ErdSetup.obj
 0002:000003d8       ?in@?$_Iosb@H@std@@2W4_Openmode@12@B 0041c3d8     ErdSetup.obj
 0002:000003dc       ?_Hardfail@?$_Iosb@H@std@@2W4_Iostate@12@B 0041c3dc     ErdSetup.obj
 0002:000003e0       ?badbit@?$_Iosb@H@std@@2W4_Iostate@12@B 0041c3e0     ErdSetup.obj
 0002:000003e4       ?failbit@?$_Iosb@H@std@@2W4_Iostate@12@B 0041c3e4     ErdSetup.obj
 0002:000003e8       ?eofbit@?$_Iosb@H@std@@2W4_Iostate@12@B 0041c3e8     ErdSetup.obj
 0002:000003ec       ?goodbit@?$_Iosb@H@std@@2W4_Iostate@12@B 0041c3ec     ErdSetup.obj
 0002:000003f0       ?floatfield@?$_Iosb@H@std@@2W4_Fmtflags@12@B 0041c3f0     ErdSetup.obj
 0002:000003f4       ?basefield@?$_Iosb@H@std@@2W4_Fmtflags@12@B 0041c3f4     ErdSetup.obj
 0002:000003f8       ?adjustfield@?$_Iosb@H@std@@2W4_Fmtflags@12@B 0041c3f8     ErdSetup.obj
 0002:000003fc       ?_Stdio@?$_Iosb@H@std@@2W4_Fmtflags@12@B 0041c3fc     ErdSetup.obj
 0002:00000400       ?boolalpha@?$_Iosb@H@std@@2W4_Fmtflags@12@B 0041c400     ErdSetup.obj
 0002:00000404       ?fixed@?$_Iosb@H@std@@2W4_Fmtflags@12@B 0041c404     ErdSetup.obj
 0002:00000408       ?scientific@?$_Iosb@H@std@@2W4_Fmtflags@12@B 0041c408     ErdSetup.obj
 0002:0000040c       ?hex@?$_Iosb@H@std@@2W4_Fmtflags@12@B 0041c40c     ErdSetup.obj
 0002:00000410       ?oct@?$_Iosb@H@std@@2W4_Fmtflags@12@B 0041c410     ErdSetup.obj
 0002:00000414       ?dec@?$_Iosb@H@std@@2W4_Fmtflags@12@B 0041c414     ErdSetup.obj
 0002:00000418       ?internal@?$_Iosb@H@std@@2W4_Fmtflags@12@B 0041c418     ErdSetup.obj
 0002:0000041c       ?right@?$_Iosb@H@std@@2W4_Fmtflags@12@B 0041c41c     ErdSetup.obj
 0002:00000420       ?left@?$_Iosb@H@std@@2W4_Fmtflags@12@B 0041c420     ErdSetup.obj
 0002:00000424       ?showpos@?$_Iosb@H@std@@2W4_Fmtflags@12@B 0041c424     ErdSetup.obj
 0002:00000428       ?showpoint@?$_Iosb@H@std@@2W4_Fmtflags@12@B 0041c428     ErdSetup.obj
 0002:0000042c       ?showbase@?$_Iosb@H@std@@2W4_Fmtflags@12@B 0041c42c     ErdSetup.obj
 0002:00000430       ?uppercase@?$_Iosb@H@std@@2W4_Fmtflags@12@B 0041c430     ErdSetup.obj
 0002:00000434       ?unitbuf@?$_Iosb@H@std@@2W4_Fmtflags@12@B 0041c434     ErdSetup.obj
 0002:00000438       ?skipws@?$_Iosb@H@std@@2W4_Fmtflags@12@B 0041c438     ErdSetup.obj
 0002:0000043c       ?none@?$_Locbase@H@std@@2HB 0041c43c     ErdSetup.obj
 0002:00000440       ?all@?$_Locbase@H@std@@2HB 0041c440     ErdSetup.obj
 0002:00000444       ?messages@?$_Locbase@H@std@@2HB 0041c444     ErdSetup.obj
 0002:00000448       ?time@?$_Locbase@H@std@@2HB 0041c448     ErdSetup.obj
 0002:0000044c       ?numeric@?$_Locbase@H@std@@2HB 0041c44c     ErdSetup.obj
 0002:00000450       ?monetary@?$_Locbase@H@std@@2HB 0041c450     ErdSetup.obj
 0002:00000454       ?ctype@?$_Locbase@H@std@@2HB 0041c454     ErdSetup.obj
 0002:00000458       ?collate@?$_Locbase@H@std@@2HB 0041c458     ErdSetup.obj
 0002:00001b10       __real@00000000            0041db10     Generator.obj
 0002:00001b18       __real@0000000000000000    0041db18     Generator.obj
 0002:00001b20       __real@4059000000000000    0041db20     Generator.obj
 0002:00001b30       __real@400b666666666666    0041db30     Generator.obj
 0002:00001b38       __real@3fd42a9930be0ded    0041db38     Generator.obj
 0002:00001b40       __real@3fdd096bb98c7e28    0041db40     Generator.obj
 0002:00001b48       __real@3fcc0ebedfa43fe6    0041db48     Generator.obj
 0002:00001b50       __real@3fe3333333333333    0041db50     Generator.obj
 0002:00001b58       __real@3fb999999999999a    0041db58     Generator.obj
 0002:00001b60       __real@3f50624dd2f1a9fc    0041db60     Generator.obj
 0002:00001b68       __real@3f40624dd2f1a9fc    0041db68     Generator.obj
 0002:00001b70       __real@3fa999999999999a    0041db70     Generator.obj
 0002:00001b78       __real@3f9999999999999a    0041db78     Generator.obj
 0002:00001b80       __real@3fd0000000000000    0041db80     Generator.obj
 0002:00001b88       __real@3f302ff8ec0f8833    0041db88     Generator.obj
 0002:00001ba8       __real@4022000000000000    0041dba8     Generator.obj
 0002:00001bbc       ??_C@_07PNHPCIEC@_file?4c?$AA@ 0041dbbc     LIBCD:_file.obj
 0002:00001be8       ??_C@_0BO@GNIAFIKK@Unknown?5Runtime?5Check?5Error?6?$AN?$AA@ 0041dbe8     LIBCD:error.obj
 0002:00001c08       ??_C@_0DG@HKJMLLLP@A?5local?5variable?5was?5used?5before@ 0041dc08     LIBCD:error.obj
 0002:00001c40       ??_C@_0BN@FFOINMNJ@Stack?5memory?5was?5corrupted?6?$AN?$AA@ 0041dc40     LIBCD:error.obj
 0002:00001c60       ??_C@_0BBN@GPMLNJCF@A?5cast?5to?5a?5smaller?5data?5type?5ha@ 0041dc60     LIBCD:error.obj
 0002:00001d80       ??_C@_0NN@NGPKDKPD@The?5value?5of?5ESP?5was?5not?5properl@ 0041dd80     LIBCD:error.obj
 0002:00001e60       ??_C@_0CA@IODNCDPG@Run?9Time?5Check?5Failure?5?$CD?$CFd?5?9?5?$CFs?$AA@ 0041de60     LIBCD:error.obj
 0002:00001e9c       ??_C@_0L@CJCNHJJG@?6?$ANModule?3?7?$AA@ 0041de9c     LIBCD:error.obj
 0002:00001ea8       ??_C@_08GJEJCAJD@?6?$ANLine?3?7?$AA@ 0041dea8     LIBCD:error.obj
 0002:00001eb4       ??_C@_0CI@INCLAPNB@Invalid?5pointer?5was?5assigned?5at?6@ 0041deb4     LIBCD:error.obj
 0002:00001edc       ??_C@_0BB@JEGFEAAM@?8?5was?5corrupted?4?$AA@ 0041dedc     LIBCD:error.obj
 0002:00001ef0       ??_C@_0BM@FGFAMDLF@Stack?5around?5the?5variable?5?8?$AA@ 0041def0     LIBCD:error.obj
 0002:00001f0c       ??_C@_0DA@BEGFPCGG@A?5variable?5is?5being?5used?5without@ 0041df0c     LIBCD:error.obj
 0002:00001f3c       ??_C@_0CH@LOIIHGKM@?8?5is?5being?5used?5without?5being?5de@ 0041df3c     LIBCD:error.obj
 0002:00001f64       ??_C@_0P@HLKMHJCG@The?5variable?5?8?$AA@ 0041df64     LIBCD:error.obj
 0002:00001f74       ??_C@_0BC@KNBMEBEO@IsDebuggerPresent?$AA@ 0041df74     LIBCD:error.obj
 0002:00001f88       ??_C@_0N@HAOHNMDE@Kernel32?4dll?$AA@ 0041df88     LIBCD:error.obj
 0002:00001f98       ??_C@_0BD@CEALGDNA@?$CK?$CKargv?5?$CB?$DN?5_T?$CI?8?20?8?$CJ?$AA@ 0041df98     LIBCD:spawnv.obj
 0002:00001fac       ??_C@_0O@OPNCACHF@?$CKargv?5?$CB?$DN?5NULL?$AA@ 0041dfac     LIBCD:spawnv.obj
 0002:00001fbc       ??_C@_0N@COEOJPHD@argv?5?$CB?$DN?5NULL?$AA@ 0041dfbc     LIBCD:spawnv.obj
 0002:00001fcc       ??_C@_0BG@CKNHNAMN@?$CKpathname?5?$CB?$DN?5_T?$CI?8?20?8?$CJ?$AA@ 0041dfcc     LIBCD:spawnv.obj
 0002:00001fe4       ??_C@_08FDDLJKBL@spawnv?4c?$AA@ 0041dfe4     LIBCD:spawnv.obj
 0002:00001ff0       ??_C@_0BB@FKCMFMKP@pathname?5?$CB?$DN?5NULL?$AA@ 0041dff0     LIBCD:spawnv.obj
 0002:00002004       ??_C@_07MGJCOGKF@chdir?4c?$AA@ 0041e004     LIBCD:chdir.obj
 0002:0000201c       ??_C@_0P@MIGLKIOC@CorExitProcess?$AA@ 0041e01c     LIBCD:crt0dat.obj
 0002:0000202c       ??_C@_0M@MBOPBNBK@mscoree?4dll?$AA@ 0041e02c     LIBCD:crt0dat.obj
 0002:00002044       ??_C@_0CK@CNLNOEPB@Local?5variable?5used?5before?5initi@ 0041e044     LIBCD:userapi.obj
 0002:00002070       ??_C@_0BI@CIGMDCBH@Stack?5memory?5corruption?$AA@ 0041e070     LIBCD:userapi.obj
 0002:00002088       ??_C@_0CK@FEGOIOPB@Cast?5to?5smaller?5type?5causing?5los@ 0041e088     LIBCD:userapi.obj
 0002:000020b4       ??_C@_0BJ@HEGAHDFO@Stack?5pointer?5corruption?$AA@ 0041e0b4     LIBCD:userapi.obj
 0002:000020d0       ??_C@_0O@NJIIDJEH@i386?2chkesp?4c?$AA@ 0041e0d0     LIBCD:chkesp.obj
 0002:000020de       ??_C@_00CNPNBAHC@?$AA@     0041e0de     LIBCD:chkesp.obj
 0002:000020e0       ??_C@_0NM@DNEDKLDF@The?5value?5of?5ESP?5was?5not?5properl@ 0041e0e0     LIBCD:chkesp.obj
 0002:000021bc       ??_C@_08MAFBHINM@ioinit?4c?$AA@ 0041e1bc     LIBCD:ioinit.obj
 0002:000021c8       ??_C@_06PJIGMIJB@Client?$AA@ 0041e1c8     LIBCD:dbgheap.obj
 0002:000021d0       ??_C@_06KMEJCCGM@Ignore?$AA@ 0041e1d0     LIBCD:dbgheap.obj
 0002:000021d8       ??_C@_03OGPFLFLO@CRT?$AA@  0041e1d8     LIBCD:dbgheap.obj
 0002:000021dc       ??_C@_06EFAGIKOH@Normal?$AA@ 0041e1dc     LIBCD:dbgheap.obj
 0002:000021e4       ??_C@_04HJMOFLDF@Free?$AA@ 0041e1e4     LIBCD:dbgheap.obj
 0002:000021ec       ??_C@_0DC@JEMAGEKG@Error?3?5memory?5allocation?3?5bad?5me@ 0041e1ec     LIBCD:dbgheap.obj
 0002:00002220       ??_C@_0CF@BICKFLAF@Invalid?5allocation?5size?3?5?$CFIu?5byt@ 0041e220     LIBCD:dbgheap.obj
 0002:00002248       ??_C@_02DKCKIIND@?$CFs?$AA@ 0041e248     LIBCD:dbgheap.obj
 0002:0000224c       ??_C@_0CB@CCLOLAHO@Client?5hook?5allocation?5failure?4?6@ 0041e24c     LIBCD:dbgheap.obj
 0002:00002270       ??_C@_0DF@BBEGIFEK@Client?5hook?5allocation?5failure?5a@ 0041e270     LIBCD:dbgheap.obj
 0002:000022a8       ??_C@_09DPMMACIH@dbgheap?4c?$AA@ 0041e2a8     LIBCD:dbgheap.obj
 0002:000022b4       ??_C@_0BC@FKEPGOPH@_CrtCheckMemory?$CI?$CJ?$AA@ 0041e2b4     LIBCD:dbgheap.obj
 0002:000022c8       ??_C@_0BK@DJDKJKNJ@_pFirstBlock?5?$DN?$DN?5pOldBlock?$AA@ 0041e2c8     LIBCD:dbgheap.obj
 0002:000022e4       ??_C@_0BJ@PGMLBCKP@_pLastBlock?5?$DN?$DN?5pOldBlock?$AA@ 0041e2e4     LIBCD:dbgheap.obj
 0002:00002300       ??_C@_0DC@LIEEBBFH@fRealloc?5?$HM?$HM?5?$CI?$CBfRealloc?5?$CG?$CG?5pNewBl@ 0041e300     LIBCD:dbgheap.obj
 0002:00002338       ??_C@_0EF@BKJNHFDP@pOldBlock?9?$DOnLine?5?$DN?$DN?5IGNORE_LINE?5@ 0041e338     LIBCD:dbgheap.obj
 0002:00002380       ??_C@_0CC@MCCNOMLK@_CrtIsValidHeapPointer?$CIpUserData@ 0041e380     LIBCD:dbgheap.obj
 0002:000023a8       ??_C@_0EM@LGFLMAGJ@The?5Block?5at?50x?$CFp?5was?5allocated?5@ 0041e3a8     LIBCD:dbgheap.obj
 0002:000023f4       ??_C@_0CO@KPNFNEPA@Allocation?5too?5large?5or?5negative@ 0041e3f4     LIBCD:dbgheap.obj
 0002:00002424       ??_C@_0CE@DOFMDOL@Client?5hook?5re?9allocation?5failur@ 0041e424     LIBCD:dbgheap.obj
 0002:00002448       ??_C@_0DI@KKJPDPGM@Client?5hook?5re?9allocation?5failur@ 0041e448     LIBCD:dbgheap.obj
 0002:00002480       ??_C@_0BG@JDINNDDC@_pFirstBlock?5?$DN?$DN?5pHead?$AA@ 0041e480     LIBCD:dbgheap.obj
 0002:00002498       ??_C@_0BF@LMGMGAEG@_pLastBlock?5?$DN?$DN?5pHead?$AA@ 0041e498     LIBCD:dbgheap.obj
 0002:000024b0       ??_C@_0BO@LGCGBMOH@pHead?9?$DOnBlockUse?5?$DN?$DN?5nBlockUse?$AA@ 0041e4b0     LIBCD:dbgheap.obj
 0002:000024d0       ??_C@_0DN@GKKPDMLN@pHead?9?$DOnLine?5?$DN?$DN?5IGNORE_LINE?5?$CG?$CG?5p@ 0041e4d0     LIBCD:dbgheap.obj
 0002:00002510       ??_C@_0CI@CMGHMNIC@DAMAGE?3?5after?5?$CFhs?5block?5?$CI?$CD?$CFd?$CJ?5at@ 0041e510     LIBCD:dbgheap.obj
 0002:00002538       ??_C@_0CJ@OHOOBLKI@DAMAGE?3?5before?5?$CFhs?5block?5?$CI?$CD?$CFd?$CJ?5a@ 0041e538     LIBCD:dbgheap.obj
 0002:00002564       ??_C@_0CH@IAGMNLOM@_BLOCK_TYPE_IS_VALID?$CIpHead?9?$DOnBlo@ 0041e564     LIBCD:dbgheap.obj
 0002:0000258c       ??_C@_0BL@KEIPLFAC@Client?5hook?5free?5failure?4?6?$AA@ 0041e58c     LIBCD:dbgheap.obj
 0002:000025a8       ??_C@_0EJ@HEIBCIMJ@The?5Block?5at?50x?$CFp?5was?5allocated?5@ 0041e5a8     LIBCD:dbgheap.obj
 0002:000025f4       ??_C@_0CI@JMLBEDHJ@?$CFhs?5located?5at?50x?$CFp?5is?5?$CFIu?5bytes@ 0041e5f4     LIBCD:dbgheap.obj
 0002:0000261c       ??_C@_0CA@FGFAGAOM@?$CFhs?5allocated?5at?5file?5?$CFhs?$CI?$CFd?$CJ?4?6?$AA@ 0041e61c     LIBCD:dbgheap.obj
 0002:0000263c       ??_C@_0CH@JKKAOBEK@DAMAGE?3?5on?5top?5of?5Free?5block?5at?5@ 0041e63c     LIBCD:dbgheap.obj
 0002:00002664       ??_C@_07OHKEFPKJ@DAMAGED?$AA@ 0041e664     LIBCD:dbgheap.obj
 0002:0000266c       ??_C@_0CL@HNNNMKMJ@_heapchk?5fails?5with?5unknown?5retu@ 0041e66c     LIBCD:dbgheap.obj
 0002:00002698       ??_C@_0CC@MFFCHFHO@_heapchk?5fails?5with?5_HEAPBADPTR?4@ 0041e698     LIBCD:dbgheap.obj
 0002:000026bc       ??_C@_0CC@MJGLGBDG@_heapchk?5fails?5with?5_HEAPBADEND?4@ 0041e6bc     LIBCD:dbgheap.obj
 0002:000026e0       ??_C@_0CD@CPKEAPBD@_heapchk?5fails?5with?5_HEAPBADNODE@ 0041e6e0     LIBCD:dbgheap.obj
 0002:00002704       ??_C@_0CE@MKKHMBMK@_heapchk?5fails?5with?5_HEAPBADBEGI@ 0041e704     LIBCD:dbgheap.obj
 0002:00002728       ??_C@_0CB@EAAIGELO@Bad?5memory?5block?5found?5at?50x?$CFp?4?6@ 0041e728     LIBCD:dbgheap.obj
 0002:0000274c       ??_C@_0CI@KDKEAJEJ@_CrtMemCheckPoint?3?5NULL?5state?5po@ 0041e74c     LIBCD:dbgheap.obj
 0002:00002774       ??_C@_0CI@ENCLCMLG@_CrtMemDifference?3?5NULL?5state?5po@ 0041e774     LIBCD:dbgheap.obj
 0002:0000279c       ??_C@_0BH@GFGKJDCO@Object?5dump?5complete?4?6?$AA@ 0041e79c     LIBCD:dbgheap.obj
 0002:000027b4       ??_C@_0DA@MDLBNIBM@crt?5block?5at?50x?$CFp?0?5subtype?5?$CFx?0?5?$CF@ 0041e7b4     LIBCD:dbgheap.obj
 0002:000027e4       ??_C@_0CH@FAGDDGPN@normal?5block?5at?50x?$CFp?0?5?$CFIu?5bytes?5@ 0041e7e4     LIBCD:dbgheap.obj
 0002:0000280c       ??_C@_0DD@GHNAAKBB@client?5block?5at?50x?$CFp?0?5subtype?5?$CFx@ 0041e80c     LIBCD:dbgheap.obj
 0002:00002840       ??_C@_06PKLGBFGM@?$HL?$CFld?$HN?5?$AA@ 0041e840     LIBCD:dbgheap.obj
 0002:00002848       ??_C@_0L@JMEFFCCJ@?$CFhs?$CI?$CFd?$CJ?5?3?5?$AA@ 0041e848     LIBCD:dbgheap.obj
 0002:00002854       ??_C@_0BE@OIEFNFL@?$CDFile?5Error?$CD?$CI?$CFd?$CJ?5?3?5?$AA@ 0041e854     LIBCD:dbgheap.obj
 0002:00002868       ??_C@_0BE@KCIPKCIA@Dumping?5objects?5?9?$DO?6?$AA@ 0041e868     LIBCD:dbgheap.obj
 0002:0000287c       ??_C@_0BA@HJBKCELP@?5Data?3?5?$DM?$CFs?$DO?5?$CFs?6?$AA@ 0041e87c     LIBCD:dbgheap.obj
 0002:0000288c       ??_C@_05MKKEDADM@?$CF?42X?5?$AA@ 0041e88c     LIBCD:dbgheap.obj
 0002:00002894       ??_C@_0BI@JBFPOEJA@Detected?5memory?5leaks?$CB?6?$AA@ 0041e894     LIBCD:dbgheap.obj
 0002:000028ac       ??_C@_0BP@DEDHGGGI@Total?5allocations?3?5?$CFId?5bytes?4?6?$AA@ 0041e8ac     LIBCD:dbgheap.obj
 0002:000028cc       ??_C@_0CB@BLHDAFNE@Largest?5number?5used?3?5?$CFId?5bytes?4?6@ 0041e8cc     LIBCD:dbgheap.obj
 0002:000028f0       ??_C@_0BO@DACNIABB@?$CFId?5bytes?5in?5?$CFId?5?$CFhs?5Blocks?4?6?$AA@ 0041e8f0     LIBCD:dbgheap.obj
 0002:00002910       ??_C@_0CC@GFBJAAAH@?$CI?$CCoffset?5must?5be?5within?5size?$CC?0?50@ 0041e910     LIBCD:dbgheap.obj
 0002:00002934       ??_C@_0CF@PGBEDOC@?$CI?$CCalignment?5must?5be?5a?5power?5of?52@ 0041e934     LIBCD:dbgheap.obj
 0002:0000295c       ??_C@_0DL@PGHMMKNE@Damage?5before?50x?$CFp?5which?5was?5all@ 0041e95c     LIBCD:dbgheap.obj
 0002:00002998       ??_C@_0EI@NDNJMAJK@The?5block?5at?50x?$CFp?5was?5not?5alloca@ 0041e998     LIBCD:dbgheap.obj
 0002:000029e0       ??_C@_0EF@PGELACII@The?5block?5at?50x?$CFp?5was?5not?5alloca@ 0041e9e0     LIBCD:dbgheap.obj
 0002:00002a28       __real@3ff0000000000000    0041ea28     LIBCD:testfdiv.obj
 0002:00002a30       __real@4150017ec0000000    0041ea30     LIBCD:testfdiv.obj
 0002:00002a38       __real@4147ffff80000000    0041ea38     LIBCD:testfdiv.obj
 0002:00002a40       ??_C@_0BK@NHEOCAHP@IsProcessorFeaturePresent?$AA@ 0041ea40     LIBCD:testfdiv.obj
 0002:00002a5c       ??_C@_08CPNIBGIE@KERNEL32?$AA@ 0041ea5c     LIBCD:testfdiv.obj
 0002:00002a68       ??_C@_05KLBDPFGC@e?$CL000?$AA@ 0041ea68     LIBCD:cvt.obj
 0002:00002a70       ??_C@_0CF@GOGNBNAK@Microsoft?5Visual?5C?$CL?$CL?5Runtime?5Lib@ 0041ea70     LIBCD:secfail.obj
 0002:00002a98       ??_C@_09KLGCKDOD@Program?3?5?$AA@ 0041ea98     LIBCD:secfail.obj
 0002:00002aa4       ??_C@_02PHMGELLB@?6?6?$AA@ 0041eaa4     LIBCD:secfail.obj
 0002:00002aa8       ??_C@_03KHICJKCI@?4?4?4?$AA@ 0041eaa8     LIBCD:secfail.obj
 0002:00002aac       ??_C@_0BH@DNAGHKFM@?$DMprogram?5name?5unknown?$DO?$AA@ 0041eaac     LIBCD:secfail.obj
 0002:00002ac8       ??_C@_0KA@JEHFIFGP@A?5buffer?5overrun?5has?5been?5detect@ 0041eac8     LIBCD:secfail.obj
 0002:00002b68       ??_C@_0BJ@MDEKIEOJ@Buffer?5overrun?5detected?$CB?$AA@ 0041eb68     LIBCD:secfail.obj
 0002:00002b88       ??_C@_0LB@BPLHHLFD@A?5security?5error?5of?5unknown?5caus@ 0041eb88     LIBCD:secfail.obj
 0002:00002c3c       ??_C@_0CD@GMKACBEK@Unknown?5security?5failure?5detecte@ 0041ec3c     LIBCD:secfail.obj
 0002:00002c6c       ??_C@_0M@HHEBEAAO@MSPDB71?4DLL?$AA@ 0041ec6c     LIBCD:pdblkup.obj
 0002:00002c78       ??_C@_01KDCPPGHE@r?$AA@    0041ec78     LIBCD:pdblkup.obj
 0002:00002c7c       ??_C@_08ONJBEOFA@PDBClose?$AA@ 0041ec7c     LIBCD:pdblkup.obj
 0002:00002c88       ??_C@_08NINFAAFA@DBIClose?$AA@ 0041ec88     LIBCD:pdblkup.obj
 0002:00002c94       ??_C@_08LIGPJJNA@ModClose?$AA@ 0041ec94     LIBCD:pdblkup.obj
 0002:00002ca0       ??_C@_0O@IPLOKOKN@ModQueryLines?$AA@ 0041eca0     LIBCD:pdblkup.obj
 0002:00002cb0       ??_C@_0BE@GDNPNLGH@DBIQueryModFromAddr?$AA@ 0041ecb0     LIBCD:pdblkup.obj
 0002:00002cc4       ??_C@_0L@KPMOCKEL@PDBOpenDBI?$AA@ 0041ecc4     LIBCD:pdblkup.obj
 0002:00002cd0       ??_C@_0BB@PENKIMFE@PDBOpenValidate3?$AA@ 0041ecd0     LIBCD:pdblkup.obj
 0002:00002ce4       ??_C@_0N@KIGOLBLC@Module32Next?$AA@ 0041ece4     LIBCD:pdblkup.obj
 0002:00002cf4       ??_C@_0O@CNMFJJGO@Module32First?$AA@ 0041ecf4     LIBCD:pdblkup.obj
 0002:00002d04       ??_C@_0BF@OCLFCNKN@GetModuleInformation?$AA@ 0041ed04     LIBCD:pdblkup.obj
 0002:00002d1c       ??_C@_0BD@FIEJBLME@EnumProcessModules?$AA@ 0041ed1c     LIBCD:pdblkup.obj
 0002:00002d30       ??_C@_09EPMADGLA@PSAPI?4DLL?$AA@ 0041ed30     LIBCD:pdblkup.obj
 0002:00002d3c       ??_C@_0BJ@JEFKDHMD@CreateToolhelp32Snapshot?$AA@ 0041ed3c     LIBCD:pdblkup.obj
 0002:00002d58       ??_C@_0O@CHDGJGFP@ImageNtHeader?$AA@ 0041ed58     LIBCD:pdblkup.obj
 0002:00002d68       ??_C@_0N@KBGMOMJO@IMAGEHLP?4DLL?$AA@ 0041ed68     LIBCD:pdblkup.obj
 0002:00002d78       ??_C@_0N@NHGLKGEC@KERNEL32?4DLL?$AA@ 0041ed78     LIBCD:pdblkup.obj
 0002:00002d88       ??_C@_0BF@BMIHBHCA@EnvironmentDirectory?$AA@ 0041ed88     LIBCD:pdblkup.obj
 0002:00002da0       ??_C@_0CN@KGLAKABH@SOFTWARE?2Microsoft?2VisualStudio?2@ 0041eda0     LIBCD:pdblkup.obj
 0002:00002dd0       ??_C@_0M@HLOHPNFA@RegCloseKey?$AA@ 0041edd0     LIBCD:pdblkup.obj
 0002:00002ddc       ??_C@_0BB@HHEIPGME@RegQueryValueExA?$AA@ 0041eddc     LIBCD:pdblkup.obj
 0002:00002df0       ??_C@_0O@DCOGKJGG@RegOpenKeyExA?$AA@ 0041edf0     LIBCD:pdblkup.obj
 0002:00002e00       ??_C@_0N@JJPEKNFO@ADVAPI32?4DLL?$AA@ 0041ee00     LIBCD:pdblkup.obj
 0002:00002e10       ??_C@_09BLOOPMDK@isctype?4c?$AA@ 0041ee10     LIBCD:isctype.obj
 0002:00002e1c       ??_C@_0BJ@IAKBGELC@?$CIunsigned?$CJ?$CIc?5?$CL?51?$CJ?5?$DM?$DN?5256?$AA@ 0041ee1c     LIBCD:isctype.obj
 0002:00002e38       ??_C@_04PNGHFIJN@?4com?$AA@ 0041ee38     LIBCD:spawnve.obj
 0002:00002e40       ??_C@_04JLMDILM@?4exe?$AA@ 0041ee40     LIBCD:spawnve.obj
 0002:00002e48       ??_C@_04NEEFLLOK@?4bat?$AA@ 0041ee48     LIBCD:spawnve.obj
 0002:00002e50       ??_C@_04CPCBDHLK@?4cmd?$AA@ 0041ee50     LIBCD:spawnve.obj
 0002:00002e58       ??_C@_02CEGDFPFP@?4?2?$AA@ 0041ee58     LIBCD:spawnve.obj
 0002:00002e5c       ??_C@_09PALBALLN@spawnve?4c?$AA@ 0041ee5c     LIBCD:spawnve.obj
 0002:00002e68       ??_C@_0BB@NAGLCMLI@Assertion?5Failed?$AA@ 0041ee68     LIBCD:dbgrpt.obj
 0002:00002e7c       ??_C@_05NAOIJFC@Error?$AA@ 0041ee7c     LIBCD:dbgrpt.obj
 0002:00002e84       ??_C@_07KGMMFLDN@Warning?$AA@ 0041ee84     LIBCD:dbgrpt.obj
 0002:00002e8c       ??_C@_08ODMAMGBE@dbgrpt?4c?$AA@ 0041ee8c     LIBCD:dbgrpt.obj
 0002:00002e98       ??_C@_0M@IPILFDFN@?$CFs?$CI?$CFd?$CJ?5?3?5?$CFs?$AA@ 0041ee98     LIBCD:dbgrpt.obj
 0002:00002ea4       ??_C@_01EEMJAFIK@?6?$AA@   0041eea4     LIBCD:dbgrpt.obj
 0002:00002ea8       ??_C@_01LIIJDEN@?$AN?$AA@  0041eea8     LIBCD:dbgrpt.obj
 0002:00002eac       ??_C@_0BC@LAIDCHCH@Assertion?5failed?$CB?$AA@ 0041eeac     LIBCD:dbgrpt.obj
 0002:00002ec0       ??_C@_0BD@CAENFOHP@Assertion?5failed?3?5?$AA@ 0041eec0     LIBCD:dbgrpt.obj
 0002:00002ed4       ??_C@_0CL@EACFGMNB@_CrtDbgReport?3?5String?5too?5long?5o@ 0041eed4     LIBCD:dbgrpt.obj
 0002:00002f00       ??_C@_0DC@HLHDIIKH@Second?5Chance?5Assertion?5Failed?3?5@ 0041ef00     LIBCD:dbgrpt.obj
 0002:00002f34       ??_C@_09FOPFMPEJ@wsprintfA?$AA@ 0041ef34     LIBCD:dbgrpt.obj
 0002:00002f40       ??_C@_0L@GMPLCCII@user32?4dll?$AA@ 0041ef40     LIBCD:dbgrpt.obj
 0002:00002f4c       ??_C@_0CD@EBCGLDDL@Microsoft?5Visual?5C?$CL?$CL?5Debug?5Libra@ 0041ef4c     LIBCD:dbgrpt.obj
 0002:00002f70       ??_C@_0FD@IIKNDPHJ@Debug?5?$CFs?$CB?6?6Program?3?5?$CFs?$CFs?$CFs?$CFs?$CFs?$CFs@ 0041ef70     LIBCD:dbgrpt.obj
 0002:00002fc4       ??_C@_09OFBFHMBK@?6Module?3?5?$AA@ 0041efc4     LIBCD:dbgrpt.obj
 0002:00002fd0       ??_C@_07OPHPPLBG@?6File?3?5?$AA@ 0041efd0     LIBCD:dbgrpt.obj
 0002:00002fd8       ??_C@_07DBMPPHDI@?6Line?3?5?$AA@ 0041efd8     LIBCD:dbgrpt.obj
 0002:00002fe0       ??_C@_0N@MEECIJGN@Expression?3?5?$AA@ 0041efe0     LIBCD:dbgrpt.obj
 0002:00002ff0       ??_C@_0HD@GNBNFCCL@?6?6For?5information?5on?5how?5your?5pr@ 0041eff0     LIBCD:dbgrpt.obj
 0002:00003064       ??_C@_0BG@IHOEIIEJ@szUserMessage?5?$CB?$DN?5NULL?$AA@ 0041f064     LIBCD:dbgrpt.obj
 0002:0000307c       ??_C@_08GNMOIKDK@onexit?4c?$AA@ 0041f07c     LIBCD:onexit.obj
 0002:000030a4       ??_C@_09HCDLHOJP@stdenvp?4c?$AA@ 0041f0a4     LIBCD:stdenvp.obj
 0002:000030b0       ??_C@_09IKILHJIC@stdargv?4c?$AA@ 0041f0b0     LIBCD:stdargv.obj
 0002:000030bc       ??_C@_07BPGNOCOG@a_env?4c?$AA@ 0041f0bc     LIBCD:a_env.obj
 0002:000030c4       ??_C@_0P@GGKDKEEG@runtime?5error?5?$AA@ 0041f0c4     LIBCD:crt0msg.obj
 0002:000030d4       ??_C@_02PCIJFNDE@?$AN?6?$AA@ 0041f0d4     LIBCD:crt0msg.obj
 0002:000030d8       ??_C@_0O@MJNIPGOH@TLOSS?5error?$AN?6?$AA@ 0041f0d8     LIBCD:crt0msg.obj
 0002:000030e8       ??_C@_0N@BONNPDHF@SING?5error?$AN?6?$AA@ 0041f0e8     LIBCD:crt0msg.obj
 0002:000030f8       ??_C@_0P@MBDAJNE@DOMAIN?5error?$AN?6?$AA@ 0041f0f8     LIBCD:crt0msg.obj
 0002:00003108       ??_C@_0KC@BDDGGBEJ@R6029?$AN?6?9?5This?5application?5cannot@ 0041f108     LIBCD:crt0msg.obj
 0002:000031ac       ??_C@_0CF@KJDAIALP@R6028?$AN?6?9?5unable?5to?5initialize?5he@ 0041f1ac     LIBCD:crt0msg.obj
 0002:000031d4       ??_C@_0DF@GAKBPDFP@R6027?$AN?6?9?5not?5enough?5space?5for?5lo@ 0041f1d4     LIBCD:crt0msg.obj
 0002:0000320c       ??_C@_0DF@IBLNNAIG@R6026?$AN?6?9?5not?5enough?5space?5for?5st@ 0041f20c     LIBCD:crt0msg.obj
 0002:00003244       ??_C@_0CG@IOHKGFNJ@R6025?$AN?6?9?5pure?5virtual?5function?5c@ 0041f244     LIBCD:crt0msg.obj
 0002:0000326c       ??_C@_0DF@JIJJFJDC@R6024?$AN?6?9?5not?5enough?5space?5for?5_o@ 0041f26c     LIBCD:crt0msg.obj
 0002:000032a4       ??_C@_0CJ@EGEJHFME@R6019?$AN?6?9?5unable?5to?5open?5console?5@ 0041f2a4     LIBCD:crt0msg.obj
 0002:000032d0       ??_C@_0CB@GNHNIELH@R6018?$AN?6?9?5unexpected?5heap?5error?$AN?6@ 0041f2d0     LIBCD:crt0msg.obj
 0002:000032f4       ??_C@_0CN@FOLDKNG@R6017?$AN?6?9?5unexpected?5multithread?5@ 0041f2f4     LIBCD:crt0msg.obj
 0002:00003324       ??_C@_0CM@FAHFJNHO@R6016?$AN?6?9?5not?5enough?5space?5for?5th@ 0041f324     LIBCD:crt0msg.obj
 0002:00003350       ??_C@_0JG@LBKMGKLD@?$AN?6This?5application?5has?5requested@ 0041f350     LIBCD:crt0msg.obj
 0002:000033e8       ??_C@_0CM@FLCNIPKK@R6009?$AN?6?9?5not?5enough?5space?5for?5en@ 0041f3e8     LIBCD:crt0msg.obj
 0002:00003414       ??_C@_0CK@KMMJOAPP@R6008?$AN?6?9?5not?5enough?5space?5for?5ar@ 0041f414     LIBCD:crt0msg.obj
 0002:00003440       ??_C@_0CF@HOHMHDEK@R6002?$AN?6?9?5floating?5point?5not?5load@ 0041f440     LIBCD:crt0msg.obj
 0002:00003468       ??_C@_0BK@OFGJDLJJ@Runtime?5Error?$CB?6?6Program?3?5?$AA@ 0041f468     LIBCD:crt0msg.obj
 0002:00003484       ??_C@_0P@NFGNABCI@string?5?$CB?$DN?5NULL?$AA@ 0041f484     LIBCD:sprintf.obj
 0002:00003494       ??_C@_09FNBBCGGI@sprintf?4c?$AA@ 0041f494     LIBCD:sprintf.obj
 0002:000034a0       ??_C@_0P@NHGFNCDP@format?5?$CB?$DN?5NULL?$AA@ 0041f4a0     LIBCD:sprintf.obj
 0002:000034b0       ??_C@_08BDNGOBJJ@fclose?4c?$AA@ 0041f4b0     LIBCD:fclose.obj
 0002:000034bc       ??_C@_0M@CMNAFCJK@str?5?$CB?$DN?5NULL?$AA@ 0041f4bc     LIBCD:fclose.obj
 0002:000034c8       ??_C@_0BI@DFKBFLJE@GetProcessWindowStation?$AA@ 0041f4c8     LIBCD:crtmbox.obj
 0002:000034e0       ??_C@_0BK@CIDNPOGP@GetUserObjectInformationA?$AA@ 0041f4e0     LIBCD:crtmbox.obj
 0002:000034fc       ??_C@_0BD@HHGDFDBJ@GetLastActivePopup?$AA@ 0041f4fc     LIBCD:crtmbox.obj
 0002:00003510       ??_C@_0BA@HNOPNCHB@GetActiveWindow?$AA@ 0041f510     LIBCD:crtmbox.obj
 0002:00003520       ??_C@_0M@CHKKJDAI@MessageBoxA?$AA@ 0041f520     LIBCD:crtmbox.obj
 0002:00003530       ___newctype                0041f530     LIBCD:ctype.obj
 0002:00003830       __wctype                   0041f830     LIBCD:ctype.obj
 0002:00003a34       ??_C@_07GPNABLBE@a_str?4c?$AA@ 0041fa34     LIBCD:a_str.obj
 0002:00003a3c       ??_C@_13NOLLCAOD@?$AA?$AA?$AA?$AA@ 0041fa3c     LIBCD:a_str.obj
 0002:00003a4c       ??_C@_09KGLEAIDA@dospawn?4c?$AA@ 0041fa4c     LIBCD:dospawn.obj
 0002:00003a58       ??_C@_09OAMAEION@cenvarg?4c?$AA@ 0041fa58     LIBCD:cenvarg.obj
 0002:00003a64       ??_C@_0CP@PEILCOHB@f?3?2vs70builds?23077?2vc?2crtbld?2crt@ 0041fa64     LIBCD:snprintf.obj
 0002:00003a94       ??_C@_0DA@KHEJFFIK@f?3?2vs70builds?23077?2vc?2crtbld?2crt@ 0041fa94     LIBCD:vsnprint.obj
 0002:00003ac4       ??_C@_07FEAFKIIG@a_map?4c?$AA@ 0041fac4     LIBCD:a_map.obj
 0002:00003af4       ??_C@_0DP@FICHPIPH@?$CI?$CCinconsistent?5IOB?5fields?$CC?0?5stre@ 0041faf4     LIBCD:_flsbuf.obj
 0002:00003b34       ??_C@_09DHJHPHJP@_flsbuf?4c?$AA@ 0041fb34     LIBCD:_flsbuf.obj
 0002:00003b40       ___lookuptable             0041fb40     LIBCD:output.obj
 0002:00003b9c       ??_C@_1O@CEDCILHN@?$AA?$CI?$AAn?$AAu?$AAl?$AAl?$AA?$CJ?$AA?$AA@ 0041fb9c     LIBCD:output.obj
 0002:00003bac       ??_C@_06OJHGLDPL@?$CInull?$CJ?$AA@ 0041fbac     LIBCD:output.obj
 0002:00003bb4       ??_C@_08MEPFMIND@output?4c?$AA@ 0041fbb4     LIBCD:output.obj
 0002:00003bc0       ??_C@_0P@LGFCLPDP@ch?5?$CB?$DN?5_T?$CI?8?20?8?$CJ?$AA@ 0041fbc0     LIBCD:output.obj
 0002:00003bd0       ??_C@_0L@CKFHAPLH@_freebuf?4c?$AA@ 0041fbd0     LIBCD:_freebuf.obj
 0002:00003bdc       ??_C@_0P@FELNCIKG@stream?5?$CB?$DN?5NULL?$AA@ 0041fbdc     LIBCD:_freebuf.obj
 0002:00003bec       ??_C@_09MGNHMPHC@osfinfo?4c?$AA@ 0041fbec     LIBCD:osfinfo.obj
 0002:00003bf8       ??_C@_06IMKFLFPG@1?$CDQNAN?$AA@ 0041fbf8     LIBCD:x10fout.obj
 0002:00003c00       ??_C@_05DNEBIAHO@1?$CDINF?$AA@ 0041fc00     LIBCD:x10fout.obj
 0002:00003c08       ??_C@_05PHHOCPM@1?$CDIND?$AA@ 0041fc08     LIBCD:x10fout.obj
 0002:00003c10       ??_C@_06PGGFOGJG@1?$CDSNAN?$AA@ 0041fc10     LIBCD:x10fout.obj
 0002:00003c18       ??_C@_0L@KBNGFDKM@convrtcp?4c?$AA@ 0041fc18     LIBCD:convrtcp.obj
 0002:00003c34       ??_C@_09PKAEMGHJ@_getbuf?4c?$AA@ 0041fc34     LIBCD:_getbuf.obj
 0002:00003c7c       ___rtc_iaa                 0041fc7c     LIBCD:initsect.obj
 0002:00003c88       ___rtc_izz                 0041fc88     LIBCD:initsect.obj
 0002:00003c8c       ___rtc_taa                 0041fc8c     LIBCD:initsect.obj
 0002:00003c98       ___rtc_tzz                 0041fc98     LIBCD:initsect.obj
 0002:00003c9c       __IMPORT_DESCRIPTOR_emllib 0041fc9c     emllib:emllib.dll
 0002:00003cb0       __IMPORT_DESCRIPTOR_elib   0041fcb0     elib:elib.dll
 0002:00003cc4       __IMPORT_DESCRIPTOR_KERNEL32 0041fcc4     kernel32:KERNEL32.dll
 0002:00003cd8       __NULL_IMPORT_DESCRIPTOR   0041fcd8     emllib:emllib.dll
 0003:00000000       ___xc_a                    00421000     LIBCD:crt0init.obj
 0003:00000008       ___xc_z                    00421008     LIBCD:crt0init.obj
 0003:0000000c       ___xi_a                    0042100c     LIBCD:crt0init.obj
 0003:0000001c       ___xi_z                    0042101c     LIBCD:crt0init.obj
 0003:00000020       ___xp_a                    00421020     LIBCD:crt0init.obj
 0003:00000028       ___xp_z                    00421028     LIBCD:crt0init.obj
 0003:0000002c       ___xt_a                    0042102c     LIBCD:crt0init.obj
 0003:00000030       ___xt_z                    00421030     LIBCD:crt0init.obj
 0003:00000040       ?menufunctions@@3PAU_eeml_TranslationTable@@A 00421040     ErdSetup.obj
 0003:000000a0       __iob                      004210a0     LIBCD:_file.obj
 0003:00000320       ___security_cookie         00421320     LIBCD:seccook.obj
 0003:00000324       __fltused                  00421324     LIBCD:fpinit.obj
 0003:00000328       __ldused                   00421328     LIBCD:fpinit.obj
 0003:0000032c       __FPinit                   0042132c     LIBCD:fpinit.obj
 0003:00000330       __FPmtinit                 00421330     LIBCD:fpinit.obj
 0003:00000334       __FPmtterm                 00421334     LIBCD:fpinit.obj
 0003:00000338       ?_RTC_ErrorLevels@@3PAHA   00421338     LIBCD:error.obj
 0003:00000360       __aexit_rtn                00421360     LIBCD:wincrt0.obj
 0003:00000364       ___app_type                00421364     LIBCD:wincrt0.obj
 0003:00000378       ___badioinfo               00421378     LIBCD:ioinit.obj
 0003:00000380       __crtDbgFlag               00421380     LIBCD:dbgheap.obj
 0003:00000388       __crtBreakAlloc            00421388     LIBCD:dbgheap.obj
 0003:000003a4       __cfltcvt_tab              004213a4     LIBCD:cmiscdat.obj
 0003:000003bc       __NLG_Destination          004213bc     LIBCD:exsup.obj
 0003:000003d4       ___mb_cur_max              004213d4     LIBCD:nlsdata1.obj
 0003:000003d8       ___decimal_point           004213d8     LIBCD:nlsdata1.obj
 0003:000003dc       ___decimal_point_length    004213dc     LIBCD:nlsdata1.obj
 0003:000003f0       __crtAssertBusy            004213f0     LIBCD:dbgrpt.obj
 0003:000003f4       __CrtDbgMode               004213f4     LIBCD:dbgrpt.obj
 0003:00000400       __CrtDbgFile               00421400     LIBCD:dbgrpt.obj
 0003:00000580       __XcptActTab               00421580     LIBCD:winxfltr.obj
 0003:000005f8       __First_FPE_Indx           004215f8     LIBCD:winxfltr.obj
 0003:000005fc       __Num_FPE                  004215fc     LIBCD:winxfltr.obj
 0003:00000600       __XcptActTabCount          00421600     LIBCD:winxfltr.obj
 0003:00000604       __fpecode                  00421604     LIBCD:winxfltr.obj
 0003:00000608       __amblksiz                 00421608     LIBCD:heapinit.obj
 0003:000006b0       __pfnAllocHook             004216b0     LIBCD:dbghook.obj
 0003:000006f0       __pctype                   004216f0     LIBCD:ctype.obj
 0003:000006f4       __pwctype                  004216f4     LIBCD:ctype.obj
 0003:000006f8       ___lc_clike                004216f8     LIBCD:nlsdata2.obj
 0003:000007f8       __p_overlay                004217f8     LIBCD:dospawn.obj
 0003:000007fc       ___nullstring              004217fc     LIBCD:output.obj
 0003:00000800       ___wnullstring             00421800     LIBCD:output.obj
 0003:00000810       __pow10pos                 00421810     LIBCD:constpow.obj
 0003:00000970       __pow10neg                 00421970     LIBCD:constpow.obj
 0003:00000b38       __cflush                   00421b38     LIBCD:_file.obj
 0003:00000b3c       ___fastflag                00421b3c     LIBCD:fpinit.obj
 0003:00000b40       __adjust_fdiv              00421b40     LIBCD:fpinit.obj
 0003:00000b5c       _errno                     00421b5c     LIBCD:crt0dat.obj
 0003:00000b60       __doserrno                 00421b60     LIBCD:crt0dat.obj
 0003:00000b64       __umaskval                 00421b64     LIBCD:crt0dat.obj
 0003:00000b68       __osplatform               00421b68     LIBCD:crt0dat.obj
 0003:00000b6c       __osver                    00421b6c     LIBCD:crt0dat.obj
 0003:00000b70       __winver                   00421b70     LIBCD:crt0dat.obj
 0003:00000b74       __winmajor                 00421b74     LIBCD:crt0dat.obj
 0003:00000b78       __winminor                 00421b78     LIBCD:crt0dat.obj
 0003:00000b7c       ___argc                    00421b7c     LIBCD:crt0dat.obj
 0003:00000b80       ___argv                    00421b80     LIBCD:crt0dat.obj
 0003:00000b84       ___wargv                   00421b84     LIBCD:crt0dat.obj
 0003:00000b88       __environ                  00421b88     LIBCD:crt0dat.obj
 0003:00000b8c       ___initenv                 00421b8c     LIBCD:crt0dat.obj
 0003:00000b90       __wenviron                 00421b90     LIBCD:crt0dat.obj
 0003:00000b94       ___winitenv                00421b94     LIBCD:crt0dat.obj
 0003:00000b98       __pgmptr                   00421b98     LIBCD:crt0dat.obj
 0003:00000b9c       __wpgmptr                  00421b9c     LIBCD:crt0dat.obj
 0003:00000ba0       __exitflag                 00421ba0     LIBCD:crt0dat.obj
 0003:00000ba4       __C_Termination_Done       00421ba4     LIBCD:crt0dat.obj
 0003:00000ba8       __C_Exit_Done              00421ba8     LIBCD:crt0dat.obj
 0003:00000bb0       __aenvptr                  00421bb0     LIBCD:wincrt0.obj
 0003:00000bb4       __wenvptr                  00421bb4     LIBCD:wincrt0.obj
 0003:00000bb8       ___error_mode              00421bb8     LIBCD:wincrt0.obj
 0003:00000c5c       __pxcptinfoptrs            00421c5c     LIBCD:winxfltr.obj
 0003:00000d6c       __adbgmsg                  00421d6c     LIBCD:crt0msg.obj
 0003:00000d70       __newmode                  00421d70     LIBCD:_newmode.obj
 0003:00000d74       ?_pnhHeap@@3P6AHI@ZA       00421d74     LIBCD:handler.obj
 0003:00000e08       ___lc_handle               00421e08     LIBCD:nlsdata2.obj
 0003:00000e20       ___lc_codepage             00421e20     LIBCD:nlsdata2.obj
 0003:00000e24       ___lc_collate_cp           00421e24     LIBCD:nlsdata2.obj
 0003:00000e44       ___mblcid                  00421e44     <common>
 0003:00000e48       ___ismbcodepage            00421e48     <common>
 0003:00000e60       __mbctype                  00421e60     <common>
 0003:00000f64       ___mbcodepage              00421f64     <common>
 0003:00000f70       ___mbulinfo                00421f70     <common>
 0003:00000f80       __mbcasemap                00421f80     <common>
 0003:00001080       ___sbh_initialized         00422080     <common>
 0003:00001084       ___sbh_pHeaderDefer        00422084     <common>
 0003:00001088       ___sbh_cntHeaderList       00422088     <common>
 0003:0000108c       ___sbh_pHeaderList         0042208c     <common>
 0003:00001090       ___sbh_threshold           00422090     <common>
 0003:00001094       ___sbh_pHeaderScan         00422094     <common>
 0003:00001098       ___sbh_sizeHeaderList      00422098     <common>
 0003:0000109c       ___sbh_indGroupDefer       0042209c     <common>
 0003:000010a0       __crtheap                  004220a0     <common>
 0003:000010a4       ___active_heap             004220a4     <common>
 0003:000010a8       __pfnReportHook            004220a8     <common>
 0003:000010ac       __pReportHookList          004220ac     <common>
 0003:000010b0       __pfnDumpClient            004220b0     <common>
 0003:000010b4       __nhandle                  004220b4     <common>
 0003:000010c0       ___pioinfo                 004220c0     <common>
 0003:000011c0       __acmdln                   004221c0     <common>
 0003:000011c4       ___env_initialized         004221c4     <common>
 0003:000011c8       ___onexitend               004221c8     <common>
 0003:000011cc       ___onexitbegin             004221cc     <common>
 0003:000011d0       ___mbctype_initialized     004221d0     <common>
 0003:000011d4       ___piob                    004221d4     <common>
 0003:000011e0       __bufin                    004221e0     <common>
 0003:000021e0       __nstream                  004231e0     <common>

 entry point at        0001:0000a3c0

 Static symbols

 0001:00009090       _report_failure            0040a090 f   LIBCD:secchk.obj
 0001:00009160       ?failwithmessage@@YAXPAXHHPBD@Z 0040a160 f   LIBCD:error.obj
 0001:00009250       ?DebuggerProbe@@YAHK@Z     0040a250 f   LIBCD:error.obj
 0001:000092d0       ?DebuggerRuntime@@YAHKHPAXPB_W@Z 0040a2d0 f   LIBCD:error.obj
 0001:00009560       ?IntToString@@YAPADH@Z     0040a560 f   LIBCD:error.obj
 0001:00009750       ?_IsDebuggerPresent@@YAHXZ 0040a750 f   LIBCD:error.obj
 0001:00009780       ?Initialize@@YAHXZ         0040a780 f   LIBCD:error.obj
 0001:00009800       ?Win95IsDebuggerPresent@@YGHXZ 0040a800 f   LIBCD:error.obj
 0001:00009810       ?WinGetDebugContext@@YAPAXXZ 0040a810 f   LIBCD:error.obj
 0001:00009820       ?GetCurrentTib@@YAPAU_TIB@@XZ 0040a820 f   LIBCD:error.obj
 0001:0000a220       _doexit                    0040b220 f   LIBCD:crt0dat.obj
 0001:0000a350       __initterm                 0040b350 f   LIBCD:crt0dat.obj
 0001:0000a380       __initterm_e               0040b380 f   LIBCD:crt0dat.obj
 0001:0000a600       _fast_error_exit           0040b600 f   LIBCD:wincrt0.obj
 0001:0000a630       _check_managed_app         0040b630 f   LIBCD:wincrt0.obj
 0001:0000b040       _realloc_help              0040c040 f   LIBCD:dbgheap.obj
 0001:0000bbe0       _CheckBytes                0040cbe0 f   LIBCD:dbgheap.obj
 0001:0000c720       __printMemBlockData        0040d720 f   LIBCD:dbgheap.obj
 0001:0000d080       _flsall                    0040e080 f   LIBCD:fflush.obj
 0001:0000d890       __cftoe_g                  0040e890 f   LIBCD:cvt.obj
 0001:0000d8d0       __cftof_g                  0040e8d0 f   LIBCD:cvt.obj
 0001:0000d960       __shift                    0040e960 f   LIBCD:cvt.obj
 0001:0000dcb4       $$$00001                   0040ecb4 f   LIBCD:exsup.obj
 0001:0000dcd4       __unwind_handler           0040ecd4 f   LIBCD:exsup.obj
 0001:0000dcd4       $$$00003                   0040ecd4 f   LIBCD:exsup.obj
 0001:0000dcf6       $$$00005                   0040ecf6 f   LIBCD:exsup.obj
 0001:0000dd5e       $$$00007                   0040ed5e f   LIBCD:exsup.obj
 0001:0000dda2       $$$00011                   0040eda2 f   LIBCD:exsup.obj
 0001:0000dead       $$$00003                   0040eead f   LIBCD:exsup3.obj
 0001:0000e250       ?GetImageInfo@@YAPAUImageInfo@@K@Z 0040f250 f   LIBCD:pdblkup.obj
 0001:0000e610       ?GetPdbDll@@YAPAUHINSTANCE__@@XZ 0040f610 f   LIBCD:pdblkup.obj
 0001:0000ec40       _comexecmd                 0040fc40 f   LIBCD:spawnve.obj
 0001:0000f390       _CrtMessageWindow          00410390 f   LIBCD:dbgrpt.obj
 0001:0000fd70       _xcptlookup                00410d70 f   LIBCD:winxfltr.obj
 0001:00010110       _parse_cmdline             00411110 f   LIBCD:stdargv.obj
 0001:00013670       __abstract_cw              00414670 f   LIBCD:ieee87.obj
 0001:000137c0       __hw_cw                    004147c0 f   LIBCD:ieee87.obj
 0001:00013920       __abstract_sw              00414920 f   LIBCD:ieee87.obj
 0001:00015f80       _getSystemCP               00416f80 f   LIBCD:mbctype.obj
 0001:00015fe0       _CPtoLCID                  00416fe0 f   LIBCD:mbctype.obj
 0001:00016060       _setSBCS                   00417060 f   LIBCD:mbctype.obj
 0001:000160e0       _setSBUpLow                004170e0 f   LIBCD:mbctype.obj
 0001:00016d80       _xtoa                      00417d80 f   LIBCD:xtoa.obj
 0001:00016f00       _x64toa@20                 00417f00 f   LIBCD:xtoa.obj
 0001:00017380       _ctrlevent_capture@4       00418380 f   LIBCD:winsig.obj
 0001:000175a0       _siglookup                 004185a0 f   LIBCD:winsig.obj
 0001:00017b70       _strncnt                   00418b70 f   LIBCD:a_map.obj
 0001:00017d40       _x_ismbbtype               00418d40 f   LIBCD:ismbbyte.obj
 0001:00018dd0       _write_char                00419dd0 f   LIBCD:output.obj
 0001:00018e70       _write_multi_char          00419e70 f   LIBCD:output.obj
 0001:00018eb0       _write_string              00419eb0 f   LIBCD:output.obj
 0001:00018f20       _get_int_arg               00419f20 f   LIBCD:output.obj
 0001:00018f40       _get_int64_arg             00419f40 f   LIBCD:output.obj
 0001:00018f60       _get_short_arg             00419f60 f   LIBCD:output.obj
 0001:0001a5c0       _$$$00001                  0041b5c0 f   LIBCD:strchr.obj
